<html>
<body>
<pre>
<h1>µVision Build Log</h1>
<h2>Tool Versions:</h2>
IDE-Version: ¦ÌVision V5.28.0.0
Copyright (C) 2019 ARM Ltd and ARM Germany GmbH. All rights reserved.
License Information: taylor Lenovo, ts, LIC=50DRA-1EF8S-RC7JZ-JNUIJ-SJ4CG-WN67F
 
Tool Versions:
Toolchain:       MDK-ARM Professional  Version: 5.28.0.0
Toolchain Path:  D:\keli MDK\1\ARM\ARMCC\Bin
C Compiler:      Armcc.exe V5.06 update 6 (build 750)
Assembler:       Armasm.exe V5.06 update 6 (build 750)
Linker/Locator:  ArmLink.exe V5.06 update 6 (build 750)
Library Manager: ArmAr.exe V5.06 update 6 (build 750)
Hex Converter:   FromElf.exe V5.06 update 6 (build 750)
CPU DLL:         SARMCM3.DLL V5.28.0.0
Dialog DLL:      DCM.DLL V1.17.3.0
Target DLL:      STLink\ST-LINKIII-KEIL_SWO.dll V3.0.6.0
Dialog DLL:      TCM.DLL V1.36.2.0
 
<h2>Project:</h2>
E:\stm32_all\23 up\infantry_V2\MDK-ARM\infantry_V2.uvprojx
Project File Date:  08/01/2023

<h2>Output:</h2>
*** Using Compiler 'V5.06 update 6 (build 750)', folder: 'D:\keli MDK\1\ARM\ARMCC\Bin'
Build target 'infantry_V2'
compiling freertos.c...
compiling vision.c...
code\vision.c(102): warning:  #1035-D: single-precision operand implicitly converted to double-precision
  			varible_vision.vision_pitch_out = varible_vision.vision_pitch_up * 22.755; //+ varible_vision.dt_m;
code\vision.c(164): warning:  #1035-D: single-precision operand implicitly converted to double-precision
  		varible_vision.vision_pitch_out = varible_vision.vision_pitch_up * 22.755; //+ varible_vision.dt_m;
code\vision.c(190): warning:  #1035-D: single-precision operand implicitly converted to double-precision
      		varible_vision.dt_m = 2.05 * distance *distance -14.5 * distance + 39.5;
code\vision.c(190): warning:  #1035-D: single-precision operand implicitly converted to double-precision
      		varible_vision.dt_m = 2.05 * distance *distance -14.5 * distance + 39.5;
code\vision.c(193): warning:  #1035-D: single-precision operand implicitly converted to double-precision
  			varible_vision.dt_m = 3.3 * distance *distance +6.69 * distance - 0;
code\vision.c(193): warning:  #1035-D: single-precision operand implicitly converted to double-precision
  			varible_vision.dt_m = 3.3 * distance *distance +6.69 * distance - 0;
code\vision.c(196): warning:  #1035-D: single-precision operand implicitly converted to double-precision
      		varible_vision.dt_m = 3.3 * distance *distance +6.69 * distance + 20;
code\vision.c(196): warning:  #1035-D: single-precision operand implicitly converted to double-precision
      		varible_vision.dt_m = 3.3 * distance *distance +6.69 * distance + 20;
code\vision.c: 8 warnings, 0 errors
linking...
Program Size: Code=62612 RO-data=1860 RW-data=500 ZI-data=26796  
FromELF: creating hex file...
"infantry_V2\infantry_V2.axf" - 0 Error(s), 8 Warning(s).

<h2>Software Packages used:</h2>

Package Vendor: ARM
                http://www.keil.com/pack/ARM.CMSIS.5.9.0.pack
                ARM.CMSIS.5.9.0
                CMSIS (Common Microcontroller Software Interface Standard)
   * Component: CORE Version: 5.6.0

Package Vendor: Keil
                http://www.keil.com/pack/Keil.STM32F4xx_DFP.2.16.0.pack
                Keil.STM32F4xx_DFP.2.16.0
                STMicroelectronics STM32F4 Series Device Support, Drivers and Examples

<h2>Collection of Component include folders:</h2>
  .\RTE\_infantry_V2
  D:\keli MDK\2\ARM\CMSIS\5.9.0\CMSIS\Core\Include
  D:\keli MDK\2\Keil\STM32F4xx_DFP\2.16.0\Drivers\CMSIS\Device\ST\STM32F4xx\Include

<h2>Collection of Component Files used:</h2>

   * Component: ARM::CMSIS:CORE:5.6.0
Build Time Elapsed:  00:00:03
</pre>
</body>
</html>
