Component: ARM Compiler 5.06 update 6 (build 750) Tool: armlink [4d35ed]

==============================================================================

Section Cross References

    startup_stm32f407xx.o(RESET) refers to startup_stm32f407xx.o(STACK) for __initial_sp
    startup_stm32f407xx.o(RESET) refers to startup_stm32f407xx.o(.text) for Reset_Handler
    startup_stm32f407xx.o(RESET) refers to stm32f4xx_it.o(i.NMI_Handler) for NMI_Handler
    startup_stm32f407xx.o(RESET) refers to stm32f4xx_it.o(i.HardFault_Handler) for HardFault_Handler
    startup_stm32f407xx.o(RESET) refers to stm32f4xx_it.o(i.MemManage_Handler) for MemManage_Handler
    startup_stm32f407xx.o(RESET) refers to stm32f4xx_it.o(i.BusFault_Handler) for BusFault_Handler
    startup_stm32f407xx.o(RESET) refers to stm32f4xx_it.o(i.UsageFault_Handler) for UsageFault_Handler
    startup_stm32f407xx.o(RESET) refers to port.o(.emb_text) for SVC_Handler
    startup_stm32f407xx.o(RESET) refers to stm32f4xx_it.o(i.DebugMon_Handler) for DebugMon_Handler
    startup_stm32f407xx.o(RESET) refers to port.o(i.SysTick_Handler) for SysTick_Handler
    startup_stm32f407xx.o(RESET) refers to stm32f4xx_it.o(i.DMA1_Stream1_IRQHandler) for DMA1_Stream1_IRQHandler
    startup_stm32f407xx.o(RESET) refers to stm32f4xx_it.o(i.DMA1_Stream3_IRQHandler) for DMA1_Stream3_IRQHandler
    startup_stm32f407xx.o(RESET) refers to stm32f4xx_it.o(i.CAN1_RX0_IRQHandler) for CAN1_RX0_IRQHandler
    startup_stm32f407xx.o(RESET) refers to stm32f4xx_it.o(i.TIM1_UP_TIM10_IRQHandler) for TIM1_UP_TIM10_IRQHandler
    startup_stm32f407xx.o(RESET) refers to stm32f4xx_it.o(i.TIM2_IRQHandler) for TIM2_IRQHandler
    startup_stm32f407xx.o(RESET) refers to stm32f4xx_it.o(i.USART1_IRQHandler) for USART1_IRQHandler
    startup_stm32f407xx.o(RESET) refers to stm32f4xx_it.o(i.USART3_IRQHandler) for USART3_IRQHandler
    startup_stm32f407xx.o(RESET) refers to stm32f4xx_it.o(i.DMA2_Stream1_IRQHandler) for DMA2_Stream1_IRQHandler
    startup_stm32f407xx.o(RESET) refers to stm32f4xx_it.o(i.DMA2_Stream2_IRQHandler) for DMA2_Stream2_IRQHandler
    startup_stm32f407xx.o(RESET) refers to stm32f4xx_it.o(i.CAN2_RX0_IRQHandler) for CAN2_RX0_IRQHandler
    startup_stm32f407xx.o(RESET) refers to stm32f4xx_it.o(i.DMA2_Stream6_IRQHandler) for DMA2_Stream6_IRQHandler
    startup_stm32f407xx.o(RESET) refers to stm32f4xx_it.o(i.DMA2_Stream7_IRQHandler) for DMA2_Stream7_IRQHandler
    startup_stm32f407xx.o(RESET) refers to stm32f4xx_it.o(i.USART6_IRQHandler) for USART6_IRQHandler
    startup_stm32f407xx.o(.text) refers to system_stm32f4xx.o(i.SystemInit) for SystemInit
    startup_stm32f407xx.o(.text) refers to entry.o(.ARM.Collect$$$$00000000) for __main
    main.o(i.HAL_TIM_PeriodElapsedCallback) refers to stm32f4xx_hal.o(i.HAL_IncTick) for HAL_IncTick
    main.o(i.SystemClock_Config) refers to memseta.o(.text) for __aeabi_memclr4
    main.o(i.SystemClock_Config) refers to stm32f4xx_hal_rcc.o(i.HAL_RCC_OscConfig) for HAL_RCC_OscConfig
    main.o(i.SystemClock_Config) refers to main.o(i.Error_Handler) for Error_Handler
    main.o(i.SystemClock_Config) refers to stm32f4xx_hal_rcc.o(i.HAL_RCC_ClockConfig) for HAL_RCC_ClockConfig
    main.o(i.main) refers to stm32f4xx_hal.o(i.HAL_Init) for HAL_Init
    main.o(i.main) refers to main.o(i.SystemClock_Config) for SystemClock_Config
    main.o(i.main) refers to gpio.o(i.MX_GPIO_Init) for MX_GPIO_Init
    main.o(i.main) refers to dma.o(i.MX_DMA_Init) for MX_DMA_Init
    main.o(i.main) refers to can.o(i.MX_CAN1_Init) for MX_CAN1_Init
    main.o(i.main) refers to can.o(i.MX_CAN2_Init) for MX_CAN2_Init
    main.o(i.main) refers to spi.o(i.MX_SPI1_Init) for MX_SPI1_Init
    main.o(i.main) refers to usart.o(i.MX_USART1_UART_Init) for MX_USART1_UART_Init
    main.o(i.main) refers to usart.o(i.MX_USART3_UART_Init) for MX_USART3_UART_Init
    main.o(i.main) refers to usart.o(i.MX_USART6_UART_Init) for MX_USART6_UART_Init
    main.o(i.main) refers to tim.o(i.MX_TIM4_Init) for MX_TIM4_Init
    main.o(i.main) refers to tim.o(i.MX_TIM10_Init) for MX_TIM10_Init
    main.o(i.main) refers to tim.o(i.MX_TIM3_Init) for MX_TIM3_Init
    main.o(i.main) refers to tim.o(i.MX_TIM1_Init) for MX_TIM1_Init
    main.o(i.main) refers to all_task.o(i.base_Init) for base_Init
    main.o(i.main) refers to all_task.o(i.task_Init) for task_Init
    main.o(i.main) refers to freertos.o(i.MX_FREERTOS_Init) for MX_FREERTOS_Init
    main.o(i.main) refers to cmsis_os.o(i.osKernelStart) for osKernelStart
    gpio.o(i.MX_GPIO_Init) refers to memseta.o(.text) for __aeabi_memclr4
    gpio.o(i.MX_GPIO_Init) refers to stm32f4xx_hal_gpio.o(i.HAL_GPIO_WritePin) for HAL_GPIO_WritePin
    gpio.o(i.MX_GPIO_Init) refers to stm32f4xx_hal_gpio.o(i.HAL_GPIO_Init) for HAL_GPIO_Init
    freertos.o(i.MX_FREERTOS_Init) refers to memcpya.o(.text) for __aeabi_memcpy4
    freertos.o(i.MX_FREERTOS_Init) refers to cmsis_os.o(i.osThreadCreate) for osThreadCreate
[...]
    YAW_MOTOR                                0x08007f9d   Thumb Code   394  gimbal.o(i.YAW_MOTOR)
    __ARM_fpclassify                         0x08008145   Thumb Code    48  fpclassify.o(i.__ARM_fpclassify)
    __ARM_fpclassifyf                        0x08008175   Thumb Code    38  fpclassifyf.o(i.__ARM_fpclassifyf)
    __hardfp_asinf                           0x080081d5   Thumb Code   258  asinf.o(i.__hardfp_asinf)
    __hardfp_atan                            0x08008301   Thumb Code   622  atan.o(i.__hardfp_atan)
    __hardfp_atan2                           0x080085d9   Thumb Code   432  atan2.o(i.__hardfp_atan2)
    __hardfp_atan2f                          0x080087c9   Thumb Code   502  atan2f.o(i.__hardfp_atan2f)
    __hardfp_cos                             0x08008a19   Thumb Code   180  cos.o(i.__hardfp_cos)
    __hardfp_fabs                            0x08008ae1   Thumb Code    20  fabs.o(i.__hardfp_fabs)
    __hardfp_sin                             0x08008af9   Thumb Code   180  sin.o(i.__hardfp_sin)
    __hardfp_sqrt                            0x08008bc1   Thumb Code   122  sqrt.o(i.__hardfp_sqrt)
    __ieee754_rem_pio2                       0x08008c41   Thumb Code   938  rred.o(i.__ieee754_rem_pio2)
    __kernel_cos                             0x08009079   Thumb Code   322  cos_i.o(i.__kernel_cos)
    __kernel_poly                            0x080091e9   Thumb Code   248  poly.o(i.__kernel_poly)
    __kernel_sin                             0x080092e1   Thumb Code   280  sin_i.o(i.__kernel_sin)
    __mathlib_dbl_infnan                     0x08009411   Thumb Code    20  dunder.o(i.__mathlib_dbl_infnan)
    __mathlib_dbl_infnan2                    0x08009425   Thumb Code    20  dunder.o(i.__mathlib_dbl_infnan2)
    __mathlib_dbl_invalid                    0x08009439   Thumb Code    24  dunder.o(i.__mathlib_dbl_invalid)
    __mathlib_dbl_underflow                  0x08009459   Thumb Code    24  dunder.o(i.__mathlib_dbl_underflow)
    __mathlib_flt_infnan                     0x08009479   Thumb Code     6  funder.o(i.__mathlib_flt_infnan)
    __mathlib_flt_infnan2                    0x0800947f   Thumb Code     6  funder.o(i.__mathlib_flt_infnan2)
    __mathlib_flt_invalid                    0x08009485   Thumb Code    10  funder.o(i.__mathlib_flt_invalid)
    __mathlib_flt_underflow                  0x08009495   Thumb Code    10  funder.o(i.__mathlib_flt_underflow)
    __scatterload_copy                       0x080094a5   Thumb Code    14  handlers.o(i.__scatterload_copy)
    __scatterload_null                       0x080094b3   Thumb Code     2  handlers.o(i.__scatterload_null)
    __scatterload_zeroinit                   0x080094b5   Thumb Code    14  handlers.o(i.__scatterload_zeroinit)
    __set_errno                              0x080094c5   Thumb Code     6  errno.o(i.__set_errno)
    access_assiqnment                        0x080094d1   Thumb Code   154  key_task.o(i.access_assiqnment)
    atan                                     0x08009575   Thumb Code    16  atan.o(i.atan)
    average_add                              0x08009585   Thumb Code   100  function_lib.o(i.average_add)
    average_init                             0x080095e9   Thumb Code    58  function_lib.o(i.average_init)
    base_Init                                0x08009629   Thumb Code    62  all_task.o(i.base_Init)
    chassis_Init                             0x08009689   Thumb Code   174  chassis.o(i.chassis_Init)
    chassis_all_task                         0x08009755   Thumb Code     8  all_task.o(i.chassis_all_task)
    chassis_assist_task                      0x0800975d   Thumb Code   158  chassis_t.o(i.chassis_assist_task)
    chassis_caculate                         0x0800980d   Thumb Code   410  chassis_t.o(i.chassis_caculate)
    chassis_climb_mode                       0x080099c5   Thumb Code    20  referee_limit.o(i.chassis_climb_mode)
    chassis_follow                           0x080099e1   Thumb Code   106  chassis.o(i.chassis_follow)
    chassis_follow_degree                    0x08009a5d   Thumb Code    58  chassis_t.o(i.chassis_follow_degree)
    chassis_motor_diversion                  0x08009aa9   Thumb Code    62  chassis.o(i.chassis_motor_diversion)
    chassis_power_limit                      0x08009af9   Thumb Code   212  referee_limit.o(i.chassis_power_limit)
    chassis_power_torque                     0x08009bed   Thumb Code   204  chassis_t.o(i.chassis_power_torque)
    chassis_task                             0x08009cc9   Thumb Code   138  chassis.o(i.chassis_task)
    chassis_top                              0x08009d65   Thumb Code   280  chassis.o(i.chassis_top)
    cmd_rc_callback_handler                  0x08009ea1   Thumb Code   224  referee.o(i.cmd_rc_callback_handler)
    degree_upstep                            0x08009f9d   Thumb Code   162  chassis_t.o(i.degree_upstep)
    die_alive                                0x0800a05d   Thumb Code    24  referee_limit.o(i.die_alive)
    disability_gimbal_motor                  0x0800a07d   Thumb Code   182  gimbal.o(i.disability_gimbal_motor)
    draw_UI_line_1                           0x0800a155   Thumb Code  1372  ui.o(i.draw_UI_line_1)
    draw_UI_line_2                           0x0800a6c5   Thumb Code   738  ui.o(i.draw_UI_line_2)
    draw_UI_line_3                           0x0800a9b9   Thumb Code   716  ui.o(i.draw_UI_line_3)
    fabs                                     0x0800ac99   Thumb Code    24  fabs.o(i.fabs)
    first_order_filter_cali                  0x0800acb1   Thumb Code    88  function_lib.o(i.first_order_filter_cali)
    first_order_filter_init                  0x0800ad09   Thumb Code    34  function_lib.o(i.first_order_filter_init)
    get_chassis_id_maxpower_level            0x0800ad31   Thumb Code    32  referee_limit.o(i.get_chassis_id_maxpower_level)
    get_chassis_power_buffer_t               0x0800ad61   Thumb Code    32  referee_limit.o(i.get_chassis_power_buffer_t)
    get_moto_measure                         0x0800ad8d   Thumb Code   114  bsp_can.o(i.get_moto_measure)
    get_power_measure                        0x0800ae01   Thumb Code    18  bsp_can.o(i.get_power_measure)
    gimbal_Init                              0x0800ae19   Thumb Code   314  gimbal.o(i.gimbal_Init)
    gimbal_all_task                          0x0800afa9   Thumb Code     8  all_task.o(i.gimbal_all_task)
    gimbal_key_control                       0x0800afb1   Thumb Code   152  gimbal.o(i.gimbal_key_control)
    gimbal_task                              0x0800b065   Thumb Code    82  gimbal.o(i.gimbal_task)
    gyroscope_remote_resolve                 0x0800b0bd   Thumb Code   520  chassis_t.o(i.gyroscope_remote_resolve)
    heat_limit_task                          0x0800b2ed   Thumb Code    88  referee_limit.o(i.heat_limit_task)
    imu_all_task                             0x0800b359   Thumb Code    10  all_task.o(i.imu_all_task)
    imu_sensor_init                          0x0800b369   Thumb Code   134  imu.o(i.imu_sensor_init)
    imu_sensor_update                        0x0800b415   Thumb Code    22  imu.o(i.imu_sensor_update)
    imu_task                                 0x0800b42d   Thumb Code   304  imu.o(i.imu_task)
    inv_sqrt                                 0x0800b571   Thumb Code    56  imu.o(i.inv_sqrt)
    judgeCalculate                           0x0800b5ad   Thumb Code  1440  referee.o(i.judgeCalculate)
    key_all_task                             0x0800bb51   Thumb Code     8  all_task.o(i.key_all_task)
    key_repetition_2                         0x0800bb59   Thumb Code    62  function_lib.o(i.key_repetition_2)
    key_task                                 0x0800bb99   Thumb Code    48  key_task.o(i.key_task)
    limit                                    0x0800bbd5   Thumb Code    46  pid.o(i.limit)
    locked_rotor_tesk                        0x0800bc05   Thumb Code    58  send.o(i.locked_rotor_tesk)
    locked_task                              0x0800bc51   Thumb Code   134  send.o(i.locked_task)
    main                                     0x0800bce9   Thumb Code    76  main.o(i.main)
    mode_task                                0x0800bd45   Thumb Code    66  key_task.o(i.mode_task)
    motor_current_send_gimbal                0x0800bd95   Thumb Code   122  function_lib.o(i.motor_current_send_gimbal)
    normal_1                                 0x0800be29   Thumb Code   708  key_task.o(i.normal_1)
    osDelay                                  0x0800c111   Thumb Code    24  cmsis_os.o(i.osDelay)
    osKernelStart                            0x0800c129   Thumb Code    10  cmsis_os.o(i.osKernelStart)
    osThreadCreate                           0x0800c133   Thumb Code    94  cmsis_os.o(i.osThreadCreate)
    parameter_number                         0x0800c191   Thumb Code   856  referee_limit.o(i.parameter_number)
    pid_calculate                            0x0800c505   Thumb Code   806  pid.o(i.pid_calculate)
    pid_change                               0x0800c839   Thumb Code    26  pid.o(i.pid_change)
    pid_clear                                0x0800c855   Thumb Code    92  pid.o(i.pid_clear)
    pid_init                                 0x0800c8b5   Thumb Code   172  pid.o(i.pid_init)
    pid_param_init                           0x0800c969   Thumb Code    74  pid.o(i.pid_param_init)
    pill_depot_task                          0x0800c9b5   Thumb Code    28  send.o(i.pill_depot_task)
    pill_open                                0x0800c9d9   Thumb Code    40  key_task.o(i.pill_open)
    pvPortMalloc                             0x0800d40d   Thumb Code   306  heap_4.o(i.pvPortMalloc)
    pxPortInitialiseStack                    0x0800d559   Thumb Code    38  port.o(i.pxPortInitialiseStack)
    referee_all_task                         0x0800d585   Thumb Code     8  all_task.o(i.referee_all_task)
    send_Init                                0x0800d58d   Thumb Code   184  send.o(i.send_Init)
    send_data_to_nuc                         0x0800d669   Thumb Code   254  vision.o(i.send_data_to_nuc)
    send_mo                                  0x0800d785   Thumb Code   192  send.o(i.send_mo)
    send_rc                                  0x0800d851   Thumb Code   192  send.o(i.send_rc)
    send_referee_updata                      0x0800d91d   Thumb Code   216  referee_limit.o(i.send_referee_updata)
    send_task                                0x0800da19   Thumb Code    74  send.o(i.send_task)
    shoot_task                               0x0800da75   Thumb Code   630  send.o(i.shoot_task)
    sqrtf                                    0x0800dd39   Thumb Code    62  sqrtf.o(i.sqrtf)
    stir_task                                0x0800dd79   Thumb Code   138  send.o(i.stir_task)
    super_cap_task                           0x0800de15   Thumb Code    22  referee_limit.o(i.super_cap_task)
    task_Init                                0x0800de31   Thumb Code    90  all_task.o(i.task_Init)
    temperature_protect                      0x0800de95   Thumb Code   328  monitor.o(i.temperature_protect)
    uxListRemove                             0x0800dff5   Thumb Code    40  list.o(i.uxListRemove)
    vApplicationGetIdleTaskMemory            0x0800e01d   Thumb Code    14  freertos.o(i.vApplicationGetIdleTaskMemory)
    vApplicationGetTimerTaskMemory           0x0800e035   Thumb Code    16  freertos.o(i.vApplicationGetTimerTaskMemory)
    vListInitialise                          0x0800e04d   Thumb Code    26  list.o(i.vListInitialise)
    vListInitialiseItem                      0x0800e067   Thumb Code     6  list.o(i.vListInitialiseItem)
    vListInsert                              0x0800e06d   Thumb Code    52  list.o(i.vListInsert)
    vListInsertEnd                           0x0800e0a1   Thumb Code    24  list.o(i.vListInsertEnd)
    vPortEnterCritical                       0x0800e0b9   Thumb Code    76  port.o(i.vPortEnterCritical)
    vPortExitCritical                        0x0800e10d   Thumb Code    56  port.o(i.vPortExitCritical)
    vPortFree                                0x0800e149   Thumb Code   150  heap_4.o(i.vPortFree)
    vPortSetupTimerInterrupt                 0x0800e1ed   Thumb Code    36  port.o(i.vPortSetupTimerInterrupt)
    vPortValidateInterruptPriority           0x0800e215   Thumb Code   106  port.o(i.vPortValidateInterruptPriority)
    vQueueAddToRegistry                      0x0800e28d   Thumb Code    38  queue.o(i.vQueueAddToRegistry)
    vQueueWaitForMessageRestricted           0x0800e2b9   Thumb Code    74  queue.o(i.vQueueWaitForMessageRestricted)
    vTaskDelay                               0x0800e305   Thumb Code    82  tasks.o(i.vTaskDelay)
    vTaskInternalSetTimeOutState             0x0800e361   Thumb Code    14  tasks.o(i.vTaskInternalSetTimeOutState)
    vTaskMissedYield                         0x0800e379   Thumb Code     8  tasks.o(i.vTaskMissedYield)
    vTaskPlaceOnEventList                    0x0800e385   Thumb Code    52  tasks.o(i.vTaskPlaceOnEventList)
    vTaskPlaceOnEventListRestricted          0x0800e3bd   Thumb Code    60  tasks.o(i.vTaskPlaceOnEventListRestricted)
    vTaskStartScheduler                      0x0800e3fd   Thumb Code   156  tasks.o(i.vTaskStartScheduler)
    vTaskSuspendAll                          0x0800e4b5   Thumb Code    12  tasks.o(i.vTaskSuspendAll)
    vTaskSwitchContext                       0x0800e4c5   Thumb Code   118  tasks.o(i.vTaskSwitchContext)
    vision_Init                              0x0800e551   Thumb Code   162  vision.o(i.vision_Init)
    vision_data_manage                       0x0800e629   Thumb Code   464  vision.o(i.vision_data_manage)
    vision_task                              0x0800e831   Thumb Code    16  vision.o(i.vision_task)
    xPortStartScheduler                      0x0800e841   Thumb Code   330  port.o(i.xPortStartScheduler)
    xQueueGenericCreateStatic                0x0800e9a9   Thumb Code   224  queue.o(i.xQueueGenericCreateStatic)
    xQueueGenericReset                       0x0800ea89   Thumb Code   146  queue.o(i.xQueueGenericReset)
    xQueueGenericSend                        0x0800eb21   Thumb Code   420  queue.o(i.xQueueGenericSend)
    xQueueGenericSendFromISR                 0x0800ecc9   Thumb Code   252  queue.o(i.xQueueGenericSendFromISR)
    xQueueReceive                            0x0800edc5   Thumb Code   356  queue.o(i.xQueueReceive)
    xTaskCheckForTimeOut                     0x0800ef2d   Thumb Code   132  tasks.o(i.xTaskCheckForTimeOut)
    xTaskCreate                              0x0800efb9   Thumb Code   100  tasks.o(i.xTaskCreate)
    xTaskCreateStatic                        0x0800f01d   Thumb Code   186  tasks.o(i.xTaskCreateStatic)
    xTaskGetSchedulerState                   0x0800f0d9   Thumb Code    24  tasks.o(i.xTaskGetSchedulerState)
    xTaskGetTickCount                        0x0800f0f9   Thumb Code     6  tasks.o(i.xTaskGetTickCount)
    xTaskIncrementTick                       0x0800f105   Thumb Code   282  tasks.o(i.xTaskIncrementTick)
    xTaskPriorityDisinherit                  0x0800f24d   Thumb Code   188  tasks.o(i.xTaskPriorityDisinherit)
    xTaskRemoveFromEventList                 0x0800f315   Thumb Code   128  tasks.o(i.xTaskRemoveFromEventList)
    xTaskResumeAll                           0x0800f3ad   Thumb Code   224  tasks.o(i.xTaskResumeAll)
    xTimerCreateTimerTask                    0x0800f4b1   Thumb Code   100  timers.o(i.xTimerCreateTimerTask)
    xTimerGenericCommand                     0x0800f529   Thumb Code   126  timers.o(i.xTimerGenericCommand)
    yaw_turn_round                           0x0800f5ad   Thumb Code    86  gimbal.o(i.yaw_turn_round)
    AHBPrescTable                            0x0800f68c   Data          16  system_stm32f4xx.o(.constdata)
    APBPrescTable                            0x0800f69c   Data           8  system_stm32f4xx.o(.constdata)
    CRC8_INIT                                0x0800f6a4   Data           1  referee.o(.constdata)
    CRC8_TAB                                 0x0800f6a5   Data         256  referee.o(.constdata)
    wCRC_Table                               0x0800f7a6   Data         512  referee.o(.constdata)
    __mathlib_zero                           0x0800fa88   Data           8  qnan.o(.constdata)
    Region$$Table$$Base                      0x0800fbb0   Number         0  anon$$obj.o(Region$$Table)
    Region$$Table$$Limit                     0x0800fbd0   Number         0  anon$$obj.o(Region$$Table)
    nuumb                                    0x20000000   Data           4  freertos.o(.data)
    defaultTaskHandle                        0x20000004   Data           4  freertos.o(.data)
    myTask02Handle                           0x20000008   Data           4  freertos.o(.data)
    myTask03Handle                           0x2000000c   Data           4  freertos.o(.data)
    myTask04Handle                           0x20000010   Data           4  freertos.o(.data)
    i                                        0x20000014   Data           4  freertos.o(.data)
    uwTick                                   0x2000001c   Data           4  stm32f4xx_hal.o(.data)
    uwTickPrio                               0x20000020   Data           4  stm32f4xx_hal.o(.data)
    uwTickFreq                               0x20000024   Data           1  stm32f4xx_hal.o(.data)
    SystemCoreClock                          0x20000028   Data           4  system_stm32f4xx.o(.data)
    pxCurrentTCB                             0x2000002c   Data           4  tasks.o(.data)
    RXData                                   0x200000a8   Data           8  bsp_can.o(.data)
    TxData                                   0x200000b0   Data           8  bsp_can.o(.data)
    power_RX                                 0x200000b8   Data           2  bsp_can.o(.data)
    zi                                       0x200000bc   Data           4  bsp_can.o(.data)
    u6_cmd_data                              0x200000c0   Data           2  referee.o(.data)
    Robot_ID_Data                            0x200000c2   Data           4  referee.o(.data)
    adds                                     0x200000c8   Data           4  referee.o(.data)
    CRC_INIT                                 0x200000cc   Data           2  referee.o(.data)
    qwer                                     0x200000d4   Data           4  ui.o(.data)
    ui_init_flag                             0x200000d8   Data           1  ui.o(.data)
    ui_task_flag                             0x200000da   Data           2  ui.o(.data)
    ui_flag                                  0x200000dc   Data           1  ui.o(.data)
    key_repetition_B                         0x200000e2   Data           4  function_lib.o(.data)
    GYRO_Data                                0x200000ea   Data           6  imu.o(.data)
    ACCEL_Data                               0x200000f0   Data           6  imu.o(.data)
    TEMP_Data                                0x200000f6   Data           2  imu.o(.data)
    ACCEL                                    0x200000f8   Data           6  imu.o(.data)
    TEMP                                     0x200000fe   Data           2  imu.o(.data)
    GYRO_ID                                  0x20000100   Data           1  imu.o(.data)
    ACCEL_ID                                 0x20000101   Data           1  imu.o(.data)
    Kp                                       0x20000104   Data           4  imu.o(.data)
    Ki                                       0x20000108   Data           4  imu.o(.data)
    halfT                                    0x2000010c   Data           4  imu.o(.data)
    norm                                     0x20000110   Data           4  imu.o(.data)
    vx                                       0x20000114   Data           4  imu.o(.data)
    vy                                       0x20000118   Data           4  imu.o(.data)
    vz                                       0x2000011c   Data           4  imu.o(.data)
    ex                                       0x20000120   Data           4  imu.o(.data)
    ey                                       0x20000124   Data           4  imu.o(.data)
    ez                                       0x20000128   Data           4  imu.o(.data)
    gx                                       0x2000012c   Data           4  imu.o(.data)
    gy                                       0x20000130   Data           4  imu.o(.data)
    gz                                       0x20000134   Data           4  imu.o(.data)
    ax                                       0x20000138   Data           4  imu.o(.data)
    ay                                       0x2000013c   Data           4  imu.o(.data)
    az                                       0x20000140   Data           4  imu.o(.data)
    q0                                       0x20000144   Data           4  imu.o(.data)
    q1                                       0x20000148   Data           4  imu.o(.data)
    q2                                       0x2000014c   Data           4  imu.o(.data)
    q3                                       0x20000150   Data           4  imu.o(.data)
    exInt                                    0x20000154   Data           4  imu.o(.data)
    eyInt                                    0x20000158   Data           4  imu.o(.data)
    ezInt                                    0x2000015c   Data           4  imu.o(.data)
    tempq0                                   0x20000160   Data           4  imu.o(.data)
    tempq1                                   0x20000164   Data           4  imu.o(.data)
    tempq2                                   0x20000168   Data           4  imu.o(.data)
    tempq3                                   0x2000016c   Data           4  imu.o(.data)
    dead_zone                                0x20000170   Data           2  imu.o(.data)
    rc_close_send_time                       0x20000174   Data           4  key_task.o(.data)
    rc_send_init_flag                        0x20000178   Data           1  key_task.o(.data)
    asdw                                     0x2000017c   Data           4  key_task.o(.data)
    sys_reset_time                           0x20000180   Data           4  key_task.o(.data)
    sys_reset_time_flag                      0x20000184   Data           1  key_task.o(.data)
    super_cap                                0x20000188   Data           2  referee_limit.o(.data)
    robot_ID                                 0x2000018a   Data           1  referee_limit.o(.data)
    robot_level                              0x2000018b   Data           1  referee_limit.o(.data)
    chassis_power                            0x2000018c   Data           4  referee_limit.o(.data)
    chassis_power_buffer                     0x20000190   Data           4  referee_limit.o(.data)
    WARNING_POWER_BUFF                       0x20000194   Data           4  referee_limit.o(.data)
    power_scale                              0x20000198   Data           4  referee_limit.o(.data)
    POWER_LIMIT                              0x2000019c   Data           2  referee_limit.o(.data)
    chassis_max_speed                        0x2000019e   Data           2  referee_limit.o(.data)
    chassis_top_speed                        0x200001a0   Data           2  referee_limit.o(.data)
    allow_send_bullet                        0x200001a2   Data           1  referee_limit.o(.data)
    now_bullet_heat                          0x200001a4   Data           2  referee_limit.o(.data)
    now_bullet_speed                         0x200001a8   Data           4  referee_limit.o(.data)
    last_bullet_speed                        0x200001ac   Data           4  referee_limit.o(.data)
    heat_limit                               0x200001b0   Data           2  referee_limit.o(.data)
    speed_limit                              0x200001b2   Data           2  referee_limit.o(.data)
    now_bullet_cool                          0x200001b4   Data           2  referee_limit.o(.data)
    vis_speed                                0x200001b6   Data           1  referee_limit.o(.data)
    heat_limit_time                          0x200001b8   Data           4  referee_limit.o(.data)
    HeatMax17                                0x200001bc   Data           2  referee_limit.o(.data)
    HeatCool17                               0x200001be   Data           2  referee_limit.o(.data)
    CurHeat17                                0x200001c0   Data           2  referee_limit.o(.data)
    LastHeat17                               0x200001c2   Data           2  referee_limit.o(.data)
    AvailableHeat17                          0x200001c4   Data           2  referee_limit.o(.data)
    Shooted17Cnt                             0x200001c6   Data           2  referee_limit.o(.data)
    AvailableBullet17                        0x200001c8   Data           2  referee_limit.o(.data)
    kalm_yaw                                 0x200001cc   Data           4  vision.o(.data)
    kalm_pitch                               0x200001d0   Data           4  vision.o(.data)
    isp                                      0x200001d4   Data           4  vision.o(.data)
    yaw_speed_r                              0x200001d8   Data           4  vision.o(.data)
    yaw_accel_r                              0x200001dc   Data           4  vision.o(.data)
    pit_speed_r                              0x200001e0   Data           4  vision.o(.data)
    pit_accel_r                              0x200001e4   Data           4  vision.o(.data)
    cnt_reset                                0x200001e8   Data           4  vision.o(.data)
    l                                        0x200001ec   Data           1  vision.o(.data)
    hcan1                                    0x200008a0   Data          40  can.o(.bss)
    hcan2                                    0x200008c8   Data          40  can.o(.bss)
    hspi1                                    0x200008f0   Data          88  spi.o(.bss)
    htim1                                    0x20000948   Data          72  tim.o(.bss)
    htim3                                    0x20000990   Data          72  tim.o(.bss)
    htim4                                    0x200009d8   Data          72  tim.o(.bss)
    htim10                                   0x20000a20   Data          72  tim.o(.bss)
    huart1                                   0x20000a68   Data          68  usart.o(.bss)
    huart3                                   0x20000aac   Data          68  usart.o(.bss)
    huart6                                   0x20000af0   Data          68  usart.o(.bss)
    hdma_usart1_rx                           0x20000b34   Data          96  usart.o(.bss)
    hdma_usart1_tx                           0x20000b94   Data          96  usart.o(.bss)
    hdma_usart3_rx                           0x20000bf4   Data          96  usart.o(.bss)
    hdma_usart3_tx                           0x20000c54   Data          96  usart.o(.bss)
    hdma_usart6_rx                           0x20000cb4   Data          96  usart.o(.bss)
    hdma_usart6_tx                           0x20000d14   Data          96  usart.o(.bss)
    htim2                                    0x20000d74   Data          72  stm32f4xx_hal_timebase_tim.o(.bss)
    xQueueRegistry                           0x20000dbc   Data          64  queue.o(.bss)
    RxMessage                                0x20004bd4   Data          28  bsp_can.o(.bss)
    TxMessage                                0x20004bf0   Data          24  bsp_can.o(.bss)
    chassis_motor_RX                         0x20004c08   Data         144  bsp_can.o(.bss)
    yaw_RX                                   0x20004c98   Data          36  bsp_can.o(.bss)
    pitch_RX                                 0x20004cbc   Data          36  bsp_can.o(.bss)
    send_RX                                  0x20004ce0   Data          36  bsp_can.o(.bss)
    shoot_RX                                 0x20004d04   Data          72  bsp_can.o(.bss)
    remote_control_lever_buff                0x20004d4c   Data         100  bsp_usart.o(.bss)
    uart6_rx_buff                            0x20004db0   Data         200  referee.o(.bss)
    uart6_tx_buff                            0x20004e78   Data         200  referee.o(.bss)
    Referee_system_data                      0x20004f40   Data         618  referee.o(.bss)
    RC_DR16                                  0x200051aa   Data          26  remote_control.o(.bss)
    top_ramp                                 0x20005390   Data          16  function_lib.o(.bss)
    chassis_x_ramp                           0x200053a0   Data          16  function_lib.o(.bss)
    chassis_y_ramp                           0x200053b0   Data          16  function_lib.o(.bss)
    chassis_max_speed_ramp                   0x200053c0   Data          16  function_lib.o(.bss)
    mouse_x_first                            0x200053d0   Data          20  function_lib.o(.bss)
    mouse_y_first                            0x200053e4   Data          20  function_lib.o(.bss)
    mouse_x_moving                           0x200053f8   Data         412  function_lib.o(.bss)
    mouse_y_moving                           0x20005594   Data         412  function_lib.o(.bss)
    vision_distance                          0x20005730   Data         412  function_lib.o(.bss)
    mous_x_kalman                            0x200058cc   Data          48  kalman.o(.bss)
    mous_y_kalman                            0x200058fc   Data          48  kalman.o(.bss)
    kalman_visionYaw                         0x2000592c   Data          48  kalman.o(.bss)
    kalman_targetYaw                         0x2000595c   Data          48  kalman.o(.bss)
    kalman_visionPitch                       0x2000598c   Data          48  kalman.o(.bss)
    kalman_targetPitch                       0x200059bc   Data          48  kalman.o(.bss)
    kalman_visionDistance                    0x200059ec   Data          48  kalman.o(.bss)
    kalman_targetDistance                    0x20005a1c   Data          48  kalman.o(.bss)
    kalman_accelYaw                          0x20005a4c   Data          48  kalman.o(.bss)
    kalman_speedYaw                          0x20005a7c   Data          48  kalman.o(.bss)
    kalman_accelPit                          0x20005aac   Data          48  kalman.o(.bss)
    kalman_speedPit                          0x20005adc   Data          48  kalman.o(.bss)
    rate_pitch_kf                            0x20005b0c   Data          48  kalman.o(.bss)
    rate_roll_kf                             0x20005b3c   Data          48  kalman.o(.bss)
    rate_yaw_kf                              0x20005b6c   Data          48  kalman.o(.bss)
    pid_Mchassis                             0x20005b9c   Data         768  pid.o(.bss)
    pid_chassis_follow                       0x20005e9c   Data         192  pid.o(.bss)
    pid_yaw                                  0x20005f5c   Data         192  pid.o(.bss)
    pid_pitch                                0x2000601c   Data         192  pid.o(.bss)
    pid_send                                 0x200060dc   Data         192  pid.o(.bss)
    pid_shoot                                0x2000619c   Data         384  pid.o(.bss)
    pid_imu_temp                             0x2000631c   Data         192  pid.o(.bss)
    varible_chassis                          0x200063dc   Data          68  chassis_t.o(.bss)
    chassis_key_mode                         0x20006420   Data          16  chassis_t.o(.bss)
    varible_gimbal                           0x20006430   Data         120  gimbal.o(.bss)
    GYRO                                     0x200064a8   Data          12  imu.o(.bss)
    imu                                      0x200064b4   Data          72  imu.o(.bss)
    RC16_CHN                                 0x200064fc   Data          10  key_task.o(.bss)
    task_flag                                0x20006508   Data          28  key_task.o(.bss)
    varible_send                             0x20006524   Data          56  send.o(.bss)
    varible_vision                           0x2000655c   Data         120  vision.o(.bss)
    vision_rx                                0x200065d4   Data          16  vision.o(.bss)
    monitor                                  0x200065e4   Data         172  monitor.o(.bss)
    sys_buzzer                               0x20006690   Data          12  monitor.o(.bss)
    __initial_sp                             0x20006aa0   Data           0  startup_stm32f407xx.o(STACK)



==============================================================================

Memory Map of the image

  Image Entry point : 0x08000189

  Load Region LR_IROM1 (Base: 0x08000000, Size: 0x0000fdc8, Max: 0x00100000, ABSOLUTE, COMPRESSED[0x0000fc00])

    Execution Region ER_IROM1 (Exec base: 0x08000000, Load base: 0x08000000, Size: 0x0000fbd0, Max: 0x00100000, ABSOLUTE)

    Exec Addr    Load Addr    Size         Type   Attr      Idx    E Section Name        Object

    0x08000000   0x08000000   0x00000188   Data   RO            3    RESET               startup_stm32f407xx.o
    0x08000188   0x08000188   0x00000000   Code   RO         6942  * .ARM.Collect$$$$00000000  mc_w.l(entry.o)
    0x08000188   0x08000188   0x00000004   Code   RO         7044    .ARM.Collect$$$$00000001  mc_w.l(entry2.o)
    0x0800018c   0x0800018c   0x00000004   Code   RO         7047    .ARM.Collect$$$$00000004  mc_w.l(entry5.o)
    0x08000190   0x08000190   0x00000000   Code   RO         7049    .ARM.Collect$$$$00000008  mc_w.l(entry7b.o)
    0x08000190   0x08000190   0x00000000   Code   RO         7051    .ARM.Collect$$$$0000000A  mc_w.l(entry8b.o)
    0x08000190   0x08000190   0x00000008   Code   RO         7052    .ARM.Collect$$$$0000000B  mc_w.l(entry9a.o)
    0x08000198   0x08000198   0x00000000   Code   RO         7054    .ARM.Collect$$$$0000000D  mc_w.l(entry10a.o)
    0x08000198   0x08000198   0x00000000   Code   RO         7056    .ARM.Collect$$$$0000000F  mc_w.l(entry11a.o)
    0x08000198   0x08000198   0x00000004   Code   RO         7045    .ARM.Collect$$$$00002712  mc_w.l(entry2.o)
    0x0800019c   0x0800019c   0x000000be   Code   RO         5349    .emb_text           port.o
    0x0800025a   0x0800025a   0x00000002   PAD
    0x0800025c   0x0800025c   0x00000024   Code   RO            4    .text               startup_stm32f407xx.o
    0x08000280   0x08000280   0x00000062   Code   RO         6945    .text               mc_w.l(uldiv.o)
    0x080002e2   0x080002e2   0x00000024   Code   RO         6947    .text               mc_w.l(memcpya.o)
    0x08000306   0x08000306   0x00000024   Code   RO         6951    .text               mc_w.l(memseta.o)
    0x0800032a   0x0800032a   0x0000014e   Code   RO         6955    .text               mf_w.l(dadd.o)
    0x08000478   0x08000478   0x000000e4   Code   RO         6957    .text               mf_w.l(dmul.o)
    0x0800055c   0x0800055c   0x000000de   Code   RO         6959    .text               mf_w.l(ddiv.o)
    0x0800063a   0x0800063a   0x00000022   Code   RO         6961    .text               mf_w.l(dflti.o)
    0x0800065c   0x0800065c   0x0000001a   Code   RO         6963    .text               mf_w.l(dfltui.o)
    0x08000676   0x08000676   0x0000003e   Code   RO         6965    .text               mf_w.l(dfixi.o)
    0x080006b4   0x080006b4   0x00000032   Code   RO         6967    .text               mf_w.l(dfixui.o)
    0x080006e6   0x080006e6   0x00000026   Code   RO         6969    .text               mf_w.l(f2d.o)
    0x0800070c   0x0800070c   0x00000030   Code   RO         6971    .text               mf_w.l(cdcmple.o)
    0x0800073c   0x0800073c   0x00000030   Code   RO         6973    .text               mf_w.l(cdrcmple.o)
    0x0800076c   0x0800076c   0x00000038   Code   RO         6975    .text               mf_w.l(d2f.o)
    0x080007a4   0x080007a4   0x0000001e   Code   RO         7058    .text               mc_w.l(llshl.o)
    0x080007c2   0x080007c2   0x00000020   Code   RO         7060    .text               mc_w.l(llushr.o)
    0x080007e2   0x080007e2   0x00000024   Code   RO         7062    .text               mc_w.l(llsshr.o)
    0x08000806   0x08000806   0x00000000   Code   RO         7071    .text               mc_w.l(iusefp.o)
    0x08000806   0x08000806   0x0000006e   Code   RO         7072    .text               mf_w.l(fepilogue.o)
    0x08000874   0x08000874   0x000000ba   Code   RO         7074    .text               mf_w.l(depilogue.o)
    0x0800092e   0x0800092e   0x000000a2   Code   RO         7078    .text               mf_w.l(dsqrt.o)
    0x080009d0   0x080009d0   0x00000024   Code   RO         7080    .text               mc_w.l(init.o)
    0x080009f4   0x080009f4   0x0000003a   Code   RO         7090    .text               mc_w.l(__dczerorl.o)
    0x08000a2e   0x08000a2e   0x00000002   PAD
    0x08000a30   0x08000a30   0x0000004c   Code   RO         6318    i.ACCEL_GET_DaTa    imu.o
    0x08000a7c   0x08000a7c   0x00000078   Code   RO         6319    i.ACCEL_Init        imu.o
    0x08000af4   0x08000af4   0x00000070   Code   RO         6320    i.ACCEL_Read_Byte   imu.o
    0x08000b64   0x08000b64   0x00000070   Code   RO         6321    i.ACCEL_Read_Bytes  imu.o
    0x08000bd4   0x08000bd4   0x0000005c   Code   RO         6323    i.ACCEL_Write_Byte  imu.o
    0x08000c30   0x08000c30   0x00000030   Code   RO         5634    i.Append_CRC16_Check_Sum  referee.o
    0x08000c60   0x08000c60   0x00000024   Code   RO         5635    i.Append_CRC8_Check_Sum  referee.o
    0x08000c84   0x08000c84   0x00000020   Code   RO         6324    i.BMI088_Read_Write_Byte  imu.o
    0x08000ca4   0x08000ca4   0x00000010   Code   RO         6325    i.BMI_GET_DATA      imu.o
    0x08000cb4   0x08000cb4   0x00000860   Code   RO         6326    i.BMI_Get_EulerAngle  imu.o
    0x08001514   0x08001514   0x0000001c   Code   RO         6327    i.BMI_Init          imu.o
    0x08001530   0x08001530   0x00000040   Code   RO         6329    i.BMI_Temperature_Ctrl  imu.o
    0x08001570   0x08001570   0x00000004   Code   RO          637    i.BusFault_Handler  stm32f4xx_it.o
    0x08001574   0x08001574   0x000007e8   Code   RO         6804    i.Buzzer_TASK       monitor.o
    0x08001d5c   0x08001d5c   0x00000024   Code   RO         5823    i.Buzzer_task       function_lib.o
    0x08001d80   0x08001d80   0x00000060   Code   RO         5429    i.CAN1_FILTER_CONFIG  bsp_can.o
    0x08001de0   0x08001de0   0x00000010   Code   RO          638    i.CAN1_RX0_IRQHandler  stm32f4xx_it.o
    0x08001df0   0x08001df0   0x00000064   Code   RO         5430    i.CAN2_FILTER_CONFIG  bsp_can.o
    0x08001e54   0x08001e54   0x00000010   Code   RO          639    i.CAN2_RX0_IRQHandler  stm32f4xx_it.o
    0x08001e64   0x08001e64   0x000001bc   Code   RO         6148    i.CHASSIS_KEY_MODE  chassis_t.o
    0x08002020   0x08002020   0x000000e8   Code   RO         6149    i.CHASSIS_follow_pid_change  chassis_t.o
    0x08002108   0x08002108   0x000000dc   Code   RO         5732    i.Callback_RC_Handle  remote_control.o
    0x080021e4   0x080021e4   0x00000010   Code   RO          640    i.DMA1_Stream1_IRQHandler  stm32f4xx_it.o
    0x080021f4   0x080021f4   0x00000010   Code   RO          641    i.DMA1_Stream3_IRQHandler  stm32f4xx_it.o
    0x08002204   0x08002204   0x00000010   Code   RO          642    i.DMA2_Stream1_IRQHandler  stm32f4xx_it.o
    0x08002214   0x08002214   0x00000010   Code   RO          643    i.DMA2_Stream2_IRQHandler  stm32f4xx_it.o
    0x08002224   0x08002224   0x00000010   Code   RO          644    i.DMA2_Stream6_IRQHandler  stm32f4xx_it.o
    0x08002234   0x08002234   0x00000010   Code   RO          645    i.DMA2_Stream7_IRQHandler  stm32f4xx_it.o
    0x08002244   0x08002244   0x00000034   Code   RO         1577    i.DMA_CalcBaseAndBitshift  stm32f4xx_hal_dma.o
    0x08002278   0x08002278   0x000000aa   Code   RO         1578    i.DMA_CheckFifoParam  stm32f4xx_hal_dma.o
    0x08002322   0x08002322   0x0000002c   Code   RO         1579    i.DMA_SetConfig     stm32f4xx_hal_dma.o
    0x0800234e   0x0800234e   0x00000002   Code   RO          646    i.DebugMon_Handler  stm32f4xx_it.o
    0x08002350   0x08002350   0x00000006   Code   RO           13    i.Error_Handler     main.o
    0x08002356   0x08002356   0x00000002   PAD
    0x08002358   0x08002358   0x000000ac   Code   RO         6330    i.GYRO_Date_OFFSET  imu.o
    0x08002404   0x08002404   0x00000060   Code   RO         6331    i.GYRO_GET_DaTa     imu.o
    0x08002464   0x08002464   0x00000078   Code   RO         6332    i.GYRO_Init         imu.o
    0x080024dc   0x080024dc   0x0000005c   Code   RO         6333    i.GYRO_Read_Byte    imu.o
    0x08002538   0x08002538   0x0000005c   Code   RO         6334    i.GYRO_Read_Bytes   imu.o
    0x08002594   0x08002594   0x0000005c   Code   RO         6336    i.GYRO_Write_Byte   imu.o
    0x080025f0   0x080025f0   0x00000034   Code   RO         5636    i.Get_CRC16_Check_Sum  referee.o
    0x08002624   0x08002624   0x00000024   Code   RO         5637    i.Get_CRC8_Check_Sum  referee.o
    0x08002648   0x08002648   0x0000002a   Code   RO          840    i.HAL_CAN_ActivateNotification  stm32f4xx_hal_can.o
    0x08002672   0x08002672   0x00000156   Code   RO          841    i.HAL_CAN_AddTxMessage  stm32f4xx_hal_can.o
    0x080027c8   0x080027c8   0x00000124   Code   RO          842    i.HAL_CAN_ConfigFilter  stm32f4xx_hal_can.o
    0x080028ec   0x080028ec   0x00000002   Code   RO          845    i.HAL_CAN_ErrorCallback  stm32f4xx_hal_can.o
    0x080028ee   0x080028ee   0x0000017a   Code   RO          848    i.HAL_CAN_GetRxMessage  stm32f4xx_hal_can.o
    0x08002a68   0x08002a68   0x0000024e   Code   RO          852    i.HAL_CAN_IRQHandler  stm32f4xx_hal_can.o
    0x08002cb6   0x08002cb6   0x00000174   Code   RO          853    i.HAL_CAN_Init      stm32f4xx_hal_can.o
    0x08002e2a   0x08002e2a   0x00000002   PAD
    0x08002e2c   0x08002e2c   0x00000160   Code   RO          403    i.HAL_CAN_MspInit   can.o
    0x08002f8c   0x08002f8c   0x00000002   Code   RO          860    i.HAL_CAN_RxFifo0FullCallback  stm32f4xx_hal_can.o
    0x08002f8e   0x08002f8e   0x00000002   PAD
    0x08002f90   0x08002f90   0x000001b0   Code   RO         5431    i.HAL_CAN_RxFifo0MsgPendingCallback  bsp_can.o
    0x08003140   0x08003140   0x00000002   Code   RO          862    i.HAL_CAN_RxFifo1FullCallback  stm32f4xx_hal_can.o
    0x08003142   0x08003142   0x00000002   Code   RO          863    i.HAL_CAN_RxFifo1MsgPendingCallback  stm32f4xx_hal_can.o
    0x08003144   0x08003144   0x00000002   Code   RO          864    i.HAL_CAN_SleepCallback  stm32f4xx_hal_can.o
    0x08003146   0x08003146   0x0000005e   Code   RO          865    i.HAL_CAN_Start     stm32f4xx_hal_can.o
    0x080031a4   0x080031a4   0x00000002   Code   RO          867    i.HAL_CAN_TxMailbox0AbortCallback  stm32f4xx_hal_can.o
    0x080031a6   0x080031a6   0x00000002   Code   RO          868    i.HAL_CAN_TxMailbox0CompleteCallback  stm32f4xx_hal_can.o
    0x080031a8   0x080031a8   0x00000002   Code   RO          869    i.HAL_CAN_TxMailbox1AbortCallback  stm32f4xx_hal_can.o
    0x080031aa   0x080031aa   0x00000002   Code   RO          870    i.HAL_CAN_TxMailbox1CompleteCallback  stm32f4xx_hal_can.o
    0x080031ac   0x080031ac   0x00000002   Code   RO          871    i.HAL_CAN_TxMailbox2AbortCallback  stm32f4xx_hal_can.o
    0x080031ae   0x080031ae   0x00000002   Code   RO          872    i.HAL_CAN_TxMailbox2CompleteCallback  stm32f4xx_hal_can.o
    0x080031b0   0x080031b0   0x00000002   Code   RO          874    i.HAL_CAN_WakeUpFromRxMsgCallback  stm32f4xx_hal_can.o
    0x080031b2   0x080031b2   0x000000ac   Code   RO         1580    i.HAL_DMA_Abort     stm32f4xx_hal_dma.o
    0x0800325e   0x0800325e   0x00000028   Code   RO         1581    i.HAL_DMA_Abort_IT  stm32f4xx_hal_dma.o
    0x08003286   0x08003286   0x00000002   PAD
    0x08003288   0x08003288   0x00000240   Code   RO         1585    i.HAL_DMA_IRQHandler  stm32f4xx_hal_dma.o
    0x080034c8   0x080034c8   0x000000ec   Code   RO         1586    i.HAL_DMA_Init      stm32f4xx_hal_dma.o
    0x080035b4   0x080035b4   0x00000066   Code   RO         1589    i.HAL_DMA_Start     stm32f4xx_hal_dma.o
    0x0800361a   0x0800361a   0x00000092   Code   RO         1590    i.HAL_DMA_Start_IT  stm32f4xx_hal_dma.o
    0x080036ac   0x080036ac   0x00000028   Code   RO         2004    i.HAL_Delay         stm32f4xx_hal.o
    0x080036d4   0x080036d4   0x000001f4   Code   RO         1473    i.HAL_GPIO_Init     stm32f4xx_hal_gpio.o
    0x080038c8   0x080038c8   0x0000000c   Code   RO         1477    i.HAL_GPIO_WritePin  stm32f4xx_hal_gpio.o
    0x080038d4   0x080038d4   0x0000000c   Code   RO         2010    i.HAL_GetTick       stm32f4xx_hal.o
    0x080038e0   0x080038e0   0x00000018   Code   RO         2016    i.HAL_IncTick       stm32f4xx_hal.o
    0x080038f8   0x080038f8   0x0000003c   Code   RO         2017    i.HAL_Init          stm32f4xx_hal.o
    0x08003934   0x08003934   0x000000b4   Code   RO          800    i.HAL_InitTick      stm32f4xx_hal_timebase_tim.o
    0x080039e8   0x080039e8   0x00000054   Code   RO          776    i.HAL_MspInit       stm32f4xx_hal_msp.o
    0x08003a3c   0x08003a3c   0x00000020   Code   RO         1862    i.HAL_NVIC_EnableIRQ  stm32f4xx_hal_cortex.o
    0x08003a5c   0x08003a5c   0x0000007c   Code   RO         1868    i.HAL_NVIC_SetPriority  stm32f4xx_hal_cortex.o
    0x08003ad8   0x08003ad8   0x00000028   Code   RO         1869    i.HAL_NVIC_SetPriorityGrouping  stm32f4xx_hal_cortex.o
    0x08003b00   0x08003b00   0x00000044   Code   RO         1870    i.HAL_NVIC_SystemReset  stm32f4xx_hal_cortex.o
    0x08003b44   0x08003b44   0x00000184   Code   RO         1074    i.HAL_RCC_ClockConfig  stm32f4xx_hal_rcc.o
    0x08003cc8   0x08003cc8   0x00000044   Code   RO         1078    i.HAL_RCC_GetClockConfig  stm32f4xx_hal_rcc.o
    0x08003d0c   0x08003d0c   0x0000000c   Code   RO         1079    i.HAL_RCC_GetHCLKFreq  stm32f4xx_hal_rcc.o
    0x08003d18   0x08003d18   0x00000020   Code   RO         1081    i.HAL_RCC_GetPCLK1Freq  stm32f4xx_hal_rcc.o
    0x08003d38   0x08003d38   0x00000020   Code   RO         1082    i.HAL_RCC_GetPCLK2Freq  stm32f4xx_hal_rcc.o
    0x08003d58   0x08003d58   0x000000b0   Code   RO         1083    i.HAL_RCC_GetSysClockFreq  stm32f4xx_hal_rcc.o
    0x08003e08   0x08003e08   0x0000049c   Code   RO         1086    i.HAL_RCC_OscConfig  stm32f4xx_hal_rcc.o
    0x080042a4   0x080042a4   0x000000c8   Code   RO         2266    i.HAL_SPI_Init      stm32f4xx_hal_spi.o
    0x0800436c   0x0800436c   0x000000c4   Code   RO          476    i.HAL_SPI_MspInit   spi.o
    0x08004430   0x08004430   0x0000022a   Code   RO         2275    i.HAL_SPI_TransmitReceive  stm32f4xx_hal_spi.o
    0x0800465a   0x0800465a   0x00000002   Code   RO         3294    i.HAL_TIMEx_BreakCallback  stm32f4xx_hal_tim_ex.o
    0x0800465c   0x0800465c   0x00000002   Code   RO         3295    i.HAL_TIMEx_CommutCallback  stm32f4xx_hal_tim_ex.o
    0x0800465e   0x0800465e   0x00000074   Code   RO         3297    i.HAL_TIMEx_ConfigBreakDeadTime  stm32f4xx_hal_tim_ex.o
    0x080046d2   0x080046d2   0x00000002   PAD
    0x080046d4   0x080046d4   0x000000b4   Code   RO         3313    i.HAL_TIMEx_MasterConfigSynchronization  stm32f4xx_hal_tim_ex.o
    0x08004788   0x08004788   0x00000066   Code   RO         2579    i.HAL_TIM_Base_Init  stm32f4xx_hal_tim.o
    0x080047ee   0x080047ee   0x00000002   PAD
    0x080047f0   0x080047f0   0x000000e4   Code   RO          518    i.HAL_TIM_Base_MspInit  tim.o
    0x080048d4   0x080048d4   0x000000a8   Code   RO         2584    i.HAL_TIM_Base_Start_IT  stm32f4xx_hal_tim.o
    0x0800497c   0x0800497c   0x0000010c   Code   RO         2588    i.HAL_TIM_ConfigClockSource  stm32f4xx_hal_tim.o
    0x08004a88   0x08004a88   0x00000002   Code   RO         2613    i.HAL_TIM_IC_CaptureCallback  stm32f4xx_hal_tim.o
    0x08004a8a   0x08004a8a   0x00000196   Code   RO         2627    i.HAL_TIM_IRQHandler  stm32f4xx_hal_tim.o
    0x08004c20   0x08004c20   0x00000148   Code   RO          519    i.HAL_TIM_MspPostInit  tim.o
    0x08004d68   0x08004d68   0x00000002   Code   RO         2630    i.HAL_TIM_OC_DelayElapsedCallback  stm32f4xx_hal_tim.o
    0x08004d6a   0x08004d6a   0x00000104   Code   RO         2651    i.HAL_TIM_PWM_ConfigChannel  stm32f4xx_hal_tim.o
    0x08004e6e   0x08004e6e   0x00000066   Code   RO         2654    i.HAL_TIM_PWM_Init  stm32f4xx_hal_tim.o
    0x08004ed4   0x08004ed4   0x00000002   Code   RO         2656    i.HAL_TIM_PWM_MspInit  stm32f4xx_hal_tim.o
    0x08004ed6   0x08004ed6   0x00000002   Code   RO         2657    i.HAL_TIM_PWM_PulseFinishedCallback  stm32f4xx_hal_tim.o
    0x08004ed8   0x08004ed8   0x0000010c   Code   RO         2659    i.HAL_TIM_PWM_Start  stm32f4xx_hal_tim.o
    0x08004fe4   0x08004fe4   0x00000012   Code   RO           14    i.HAL_TIM_PeriodElapsedCallback  main.o
    0x08004ff6   0x08004ff6   0x00000002   Code   RO         2670    i.HAL_TIM_TriggerCallback  stm32f4xx_hal_tim.o
    0x08004ff8   0x08004ff8   0x00000002   Code   RO         3572    i.HAL_UARTEx_RxEventCallback  stm32f4xx_hal_uart.o
    0x08004ffa   0x08004ffa   0x000000c6   Code   RO         3582    i.HAL_UART_DMAPause  stm32f4xx_hal_uart.o
    0x080050c0   0x080050c0   0x000000ca   Code   RO         3583    i.HAL_UART_DMAResume  stm32f4xx_hal_uart.o
    0x0800518a   0x0800518a   0x00000002   Code   RO         3586    i.HAL_UART_ErrorCallback  stm32f4xx_hal_uart.o
    0x0800518c   0x0800518c   0x00000180   Code   RO         5583    i.HAL_UART_IDLE_IRQHandler  bsp_usart.o
    0x0800530c   0x0800530c   0x000002e0   Code   RO         3589    i.HAL_UART_IRQHandler  stm32f4xx_hal_uart.o
    0x080055ec   0x080055ec   0x00000072   Code   RO         3590    i.HAL_UART_Init     stm32f4xx_hal_uart.o
    0x0800565e   0x0800565e   0x00000002   PAD
    0x08005660   0x08005660   0x00000394   Code   RO          584    i.HAL_UART_MspInit  usart.o
    0x080059f4   0x080059f4   0x00000042   Code   RO         3594    i.HAL_UART_Receive_DMA  stm32f4xx_hal_uart.o
    0x08005a36   0x08005a36   0x00000020   Code   RO         5584    i.HAL_UART_Receive_IT_IDLE  bsp_usart.o
    0x08005a56   0x08005a56   0x00000002   PAD
    0x08005a58   0x08005a58   0x000000a8   Code   RO         6725    i.HAL_UART_RxCpltCallback  vision.o
    0x08005b00   0x08005b00   0x00000002   Code   RO         3597    i.HAL_UART_RxHalfCpltCallback  stm32f4xx_hal_uart.o
    0x08005b02   0x08005b02   0x000000d2   Code   RO         3598    i.HAL_UART_Transmit  stm32f4xx_hal_uart.o
    0x08005bd4   0x08005bd4   0x000000ac   Code   RO         3599    i.HAL_UART_Transmit_DMA  stm32f4xx_hal_uart.o
    0x08005c80   0x08005c80   0x00000002   Code   RO         3601    i.HAL_UART_TxCpltCallback  stm32f4xx_hal_uart.o
    0x08005c82   0x08005c82   0x00000002   Code   RO         3602    i.HAL_UART_TxHalfCpltCallback  stm32f4xx_hal_uart.o
    0x08005c84   0x08005c84   0x00000004   Code   RO          647    i.HardFault_Handler  stm32f4xx_it.o
    0x08005c88   0x08005c88   0x000000b0   Code   RO         6489    i.KEY_SYS_RESET     key_task.o
    0x08005d38   0x08005d38   0x00000040   Code   RO         5948    i.KalmanCreate      kalman.o
    0x08005d78   0x08005d78   0x00000086   Code   RO         5949    i.KalmanFilter      kalman.o
    0x08005dfe   0x08005dfe   0x00000002   PAD
    0x08005e00   0x08005e00   0x00000048   Code   RO          404    i.MX_CAN1_Init      can.o
    0x08005e48   0x08005e48   0x00000048   Code   RO          405    i.MX_CAN2_Init      can.o
    0x08005e90   0x08005e90   0x000000a8   Code   RO          451    i.MX_DMA_Init       dma.o
    0x08005f38   0x08005f38   0x0000007c   Code   RO          328    i.MX_FREERTOS_Init  freertos.o
    0x08005fb4   0x08005fb4   0x000001d0   Code   RO          304    i.MX_GPIO_Init      gpio.o
    0x08006184   0x08006184   0x00000048   Code   RO          477    i.MX_SPI1_Init      spi.o
    0x080061cc   0x080061cc   0x0000006c   Code   RO          520    i.MX_TIM10_Init     tim.o
    0x08006238   0x08006238   0x000000dc   Code   RO          521    i.MX_TIM1_Init      tim.o
    0x08006314   0x08006314   0x000000a4   Code   RO          522    i.MX_TIM3_Init      tim.o
    0x080063b8   0x080063b8   0x000000a4   Code   RO          523    i.MX_TIM4_Init      tim.o
    0x0800645c   0x0800645c   0x00000038   Code   RO          585    i.MX_USART1_UART_Init  usart.o
    0x08006494   0x08006494   0x00000038   Code   RO          586    i.MX_USART3_UART_Init  usart.o
    0x080064cc   0x080064cc   0x00000038   Code   RO          587    i.MX_USART6_UART_Init  usart.o
    0x08006504   0x08006504   0x00000004   Code   RO          648    i.MemManage_Handler  stm32f4xx_it.o
    0x08006508   0x08006508   0x00000028   Code   RO         5827    i.Motor_current_send_chassis  function_lib.o
    0x08006530   0x08006530   0x00000004   Code   RO          649    i.NMI_Handler       stm32f4xx_it.o
    0x08006534   0x08006534   0x000000f4   Code   RO         6245    i.PID_CIMBAL_CHOICE  gimbal.o
    0x08006628   0x08006628   0x00000238   Code   RO         6246    i.PITCH_MOTOR       gimbal.o
    0x08006860   0x08006860   0x00000018   Code   RO         5638    i.Red_or_Blue_judge  referee.o
    0x08006878   0x08006878   0x00000144   Code   RO         6150    i.Relative_degree   chassis_t.o
    0x080069bc   0x080069bc   0x00000044   Code   RO         5639    i.Robot_client_ID   referee.o
    0x08006a00   0x08006a00   0x0000005c   Code   RO         5432    i.SET_MOTOR_CURRENT_CAN1_1234  bsp_can.o
    0x08006a5c   0x08006a5c   0x0000005c   Code   RO         5433    i.SET_MOTOR_CURRENT_CAN1_5678  bsp_can.o
    0x08006ab8   0x08006ab8   0x0000005c   Code   RO         5434    i.SET_MOTOR_CURRENT_CAN2_1234  bsp_can.o
    0x08006b14   0x08006b14   0x0000005c   Code   RO         5435    i.SET_MOTOR_CURRENT_CAN2_5678  bsp_can.o
    0x08006b70   0x08006b70   0x00000098   Code   RO         5436    i.SET_POWER_CURRENT_CAN  bsp_can.o
    0x08006c08   0x08006c08   0x0000006c   Code   RO         2304    i.SPI_EndRxTxTransaction  stm32f4xx_hal_spi.o
    0x08006c74   0x08006c74   0x000000d8   Code   RO         2309    i.SPI_WaitFlagStateUntilTimeout  stm32f4xx_hal_spi.o
    0x08006d4c   0x08006d4c   0x000001c4   Code   RO         5828    i.Slow              function_lib.o
    0x08006f10   0x08006f10   0x0000001c   Code   RO         5829    i.Slow_clear        function_lib.o
    0x08006f2c   0x08006f2c   0x00000014   Code   RO          329    i.StartDefaultTask  freertos.o
    0x08006f40   0x08006f40   0x00000012   Code   RO          330    i.StartTask02       freertos.o
    0x08006f52   0x08006f52   0x00000012   Code   RO          331    i.StartTask03       freertos.o
    0x08006f64   0x08006f64   0x0000000e   Code   RO          332    i.StartTask04       freertos.o
    0x08006f72   0x08006f72   0x00000002   PAD
    0x08006f74   0x08006f74   0x00000034   Code   RO         5350    i.SysTick_Handler   port.o
    0x08006fa8   0x08006fa8   0x000000b4   Code   RO           15    i.SystemClock_Config  main.o
    0x0800705c   0x0800705c   0x00000014   Code   RO         3929    i.SystemInit        system_stm32f4xx.o
    0x08007070   0x08007070   0x00000064   Code   RO         6337    i.TEMP_GET_Data     imu.o
    0x080070d4   0x080070d4   0x00000018   Code   RO          650    i.TIM1_UP_TIM10_IRQHandler  stm32f4xx_it.o
    0x080070ec   0x080070ec   0x00000010   Code   RO          651    i.TIM2_IRQHandler   stm32f4xx_it.o
    0x080070fc   0x080070fc   0x000000d8   Code   RO         2672    i.TIM_Base_SetConfig  stm32f4xx_hal_tim.o
    0x080071d4   0x080071d4   0x00000022   Code   RO         2673    i.TIM_CCxChannelCmd  stm32f4xx_hal_tim.o
    0x080071f6   0x080071f6   0x00000016   Code   RO         2683    i.TIM_ETR_SetConfig  stm32f4xx_hal_tim.o
    0x0800720c   0x0800720c   0x00000012   Code   RO         2684    i.TIM_ITRx_SetConfig  stm32f4xx_hal_tim.o
    0x0800721e   0x0800721e   0x00000002   PAD
    0x08007220   0x08007220   0x00000070   Code   RO         2685    i.TIM_OC1_SetConfig  stm32f4xx_hal_tim.o
    0x08007290   0x08007290   0x0000007c   Code   RO         2686    i.TIM_OC2_SetConfig  stm32f4xx_hal_tim.o
    0x0800730c   0x0800730c   0x00000078   Code   RO         2687    i.TIM_OC3_SetConfig  stm32f4xx_hal_tim.o
    0x08007384   0x08007384   0x00000054   Code   RO         2688    i.TIM_OC4_SetConfig  stm32f4xx_hal_tim.o
    0x080073d8   0x080073d8   0x00000026   Code   RO         2690    i.TIM_TI1_ConfigInputStage  stm32f4xx_hal_tim.o
    0x080073fe   0x080073fe   0x00000028   Code   RO         2692    i.TIM_TI2_ConfigInputStage  stm32f4xx_hal_tim.o
    0x08007426   0x08007426   0x00000002   PAD
    0x08007428   0x08007428   0x0000002c   Code   RO         6152    i.Top_direction     chassis_t.o
    0x08007454   0x08007454   0x00000014   Code   RO         3603    i.UART_DMAAbortOnError  stm32f4xx_hal_uart.o
    0x08007468   0x08007468   0x00000050   Code   RO         3604    i.UART_DMAError     stm32f4xx_hal_uart.o
    0x080074b8   0x080074b8   0x000000b0   Code   RO         3605    i.UART_DMAReceiveCplt  stm32f4xx_hal_uart.o
    0x08007568   0x08007568   0x00000020   Code   RO         3607    i.UART_DMARxHalfCplt  stm32f4xx_hal_uart.o
    0x08007588   0x08007588   0x00000058   Code   RO         3609    i.UART_DMATransmitCplt  stm32f4xx_hal_uart.o
    0x080075e0   0x080075e0   0x0000000e   Code   RO         3611    i.UART_DMATxHalfCplt  stm32f4xx_hal_uart.o
    0x080075ee   0x080075ee   0x0000006c   Code   RO         3613    i.UART_EndRxTransfer  stm32f4xx_hal_uart.o
    0x0800765a   0x0800765a   0x00000020   Code   RO         3614    i.UART_EndTransmit_IT  stm32f4xx_hal_uart.o
    0x0800767a   0x0800767a   0x00000026   Code   RO         3615    i.UART_EndTxTransfer  stm32f4xx_hal_uart.o
    0x080076a0   0x080076a0   0x000000a4   Code   RO         5585    i.UART_Receive_DMA_NoIT  bsp_usart.o
    0x08007744   0x08007744   0x000000f8   Code   RO         3616    i.UART_Receive_IT   stm32f4xx_hal_uart.o
    0x0800783c   0x0800783c   0x0000022c   Code   RO         3617    i.UART_SetConfig    stm32f4xx_hal_uart.o
    0x08007a68   0x08007a68   0x000000d0   Code   RO         3618    i.UART_Start_Receive_DMA  stm32f4xx_hal_uart.o
    0x08007b38   0x08007b38   0x00000060   Code   RO         3620    i.UART_Transmit_IT  stm32f4xx_hal_uart.o
    0x08007b98   0x08007b98   0x00000092   Code   RO         3621    i.UART_WaitOnFlagUntilTimeout  stm32f4xx_hal_uart.o
    0x08007c2a   0x08007c2a   0x00000002   PAD
    0x08007c2c   0x08007c2c   0x00000098   Code   RO         5762    i.UI_all_clear      ui.o
    0x08007cc4   0x08007cc4   0x000001c0   Code   RO         5763    i.UI_task           ui.o
    0x08007e84   0x08007e84   0x00000010   Code   RO          652    i.USART1_IRQHandler  stm32f4xx_it.o
    0x08007e94   0x08007e94   0x00000010   Code   RO          653    i.USART3_IRQHandler  stm32f4xx_it.o
    0x08007ea4   0x08007ea4   0x00000010   Code   RO          654    i.USART6_IRQHandler  stm32f4xx_it.o
    0x08007eb4   0x08007eb4   0x00000004   Code   RO          655    i.UsageFault_Handler  stm32f4xx_it.o
    0x08007eb8   0x08007eb8   0x00000040   Code   RO         5640    i.Verify_CRC16_Check_Sum  referee.o
    0x08007ef8   0x08007ef8   0x0000002e   Code   RO         5641    i.Verify_CRC8_Check_Sum  referee.o
    0x08007f26   0x08007f26   0x00000002   PAD
    0x08007f28   0x08007f28   0x00000074   Code   RO         6727    i.Vision_on_off     vision.o
    0x08007f9c   0x08007f9c   0x000001a8   Code   RO         6247    i.YAW_MOTOR         gimbal.o
    0x08008144   0x08008144   0x00000030   Code   RO         6994    i.__ARM_fpclassify  m_wm.l(fpclassify.o)
    0x08008174   0x08008174   0x00000026   Code   RO         6996    i.__ARM_fpclassifyf  m_wm.l(fpclassifyf.o)
    0x0800819a   0x0800819a   0x00000002   PAD
    0x0800819c   0x0800819c   0x00000010   Code   RO         1875    i.__NVIC_GetPriorityGrouping  stm32f4xx_hal_cortex.o
    0x080081ac   0x080081ac   0x00000028   Code   RO         1876    i.__NVIC_SetPriority  stm32f4xx_hal_cortex.o
    0x080081d4   0x080081d4   0x0000012c   Code   RO         6838    i.__hardfp_asinf    m_wm.l(asinf.o)
    0x08008300   0x08008300   0x000002d8   Code   RO         6850    i.__hardfp_atan     m_wm.l(atan.o)
    0x080085d8   0x080085d8   0x000001f0   Code   RO         6864    i.__hardfp_atan2    m_wm.l(atan2.o)
    0x080087c8   0x080087c8   0x00000250   Code   RO         6876    i.__hardfp_atan2f   m_wm.l(atan2f.o)
    0x08008a18   0x08008a18   0x000000c8   Code   RO         6888    i.__hardfp_cos      m_wm.l(cos.o)
    0x08008ae0   0x08008ae0   0x00000014   Code   RO         6900    i.__hardfp_fabs     m_wm.l(fabs.o)
    0x08008af4   0x08008af4   0x00000004   PAD
    0x08008af8   0x08008af8   0x000000c8   Code   RO         6906    i.__hardfp_sin      m_wm.l(sin.o)
    0x08008bc0   0x08008bc0   0x0000007a   Code   RO         6918    i.__hardfp_sqrt     m_wm.l(sqrt.o)
    0x08008c3a   0x08008c3a   0x00000006   PAD
    0x08008c40   0x08008c40   0x00000438   Code   RO         7015    i.__ieee754_rem_pio2  m_wm.l(rred.o)
    0x08009078   0x08009078   0x00000170   Code   RO         6977    i.__kernel_cos      m_wm.l(cos_i.o)
    0x080091e8   0x080091e8   0x000000f8   Code   RO         7012    i.__kernel_poly     m_wm.l(poly.o)
    0x080092e0   0x080092e0   0x00000130   Code   RO         7020    i.__kernel_sin      m_wm.l(sin_i.o)
    0x08009410   0x08009410   0x00000014   Code   RO         6981    i.__mathlib_dbl_infnan  m_wm.l(dunder.o)
    0x08009424   0x08009424   0x00000014   Code   RO         6982    i.__mathlib_dbl_infnan2  m_wm.l(dunder.o)
    0x08009438   0x08009438   0x00000020   Code   RO         6983    i.__mathlib_dbl_invalid  m_wm.l(dunder.o)
    0x08009458   0x08009458   0x00000020   Code   RO         6986    i.__mathlib_dbl_underflow  m_wm.l(dunder.o)
    0x08009478   0x08009478   0x00000006   Code   RO         6999    i.__mathlib_flt_infnan  m_wm.l(funder.o)
    0x0800947e   0x0800947e   0x00000006   Code   RO         7000    i.__mathlib_flt_infnan2  m_wm.l(funder.o)
    0x08009484   0x08009484   0x00000010   Code   RO         7001    i.__mathlib_flt_invalid  m_wm.l(funder.o)
    0x08009494   0x08009494   0x00000010   Code   RO         7004    i.__mathlib_flt_underflow  m_wm.l(funder.o)
    0x080094a4   0x080094a4   0x0000000e   Code   RO         7084    i.__scatterload_copy  mc_w.l(handlers.o)
    0x080094b2   0x080094b2   0x00000002   Code   RO         7085    i.__scatterload_null  mc_w.l(handlers.o)
    0x080094b4   0x080094b4   0x0000000e   Code   RO         7086    i.__scatterload_zeroinit  mc_w.l(handlers.o)
    0x080094c2   0x080094c2   0x00000002   PAD
    0x080094c4   0x080094c4   0x0000000c   Code   RO         7066    i.__set_errno       mc_w.l(errno.o)
    0x080094d0   0x080094d0   0x000000a4   Code   RO         6490    i.access_assiqnment  key_task.o
    0x08009574   0x08009574   0x00000010   Code   RO         6852    i.atan              m_wm.l(atan.o)
    0x08009584   0x08009584   0x00000064   Code   RO         5830    i.average_add       function_lib.o
    0x080095e8   0x080095e8   0x00000040   Code   RO         5831    i.average_init      function_lib.o
    0x08009628   0x08009628   0x00000060   Code   RO         6040    i.base_Init         all_task.o
    0x08009688   0x08009688   0x000000cc   Code   RO         6100    i.chassis_Init      chassis.o
    0x08009754   0x08009754   0x00000008   Code   RO         6041    i.chassis_all_task  all_task.o
    0x0800975c   0x0800975c   0x000000b0   Code   RO         6153    i.chassis_assist_task  chassis_t.o
    0x0800980c   0x0800980c   0x000001b8   Code   RO         6154    i.chassis_caculate  chassis_t.o
    0x080099c4   0x080099c4   0x0000001c   Code   RO         6552    i.chassis_climb_mode  referee_limit.o
    0x080099e0   0x080099e0   0x0000007c   Code   RO         6101    i.chassis_follow    chassis.o
    0x08009a5c   0x08009a5c   0x0000004c   Code   RO         6155    i.chassis_follow_degree  chassis_t.o
    0x08009aa8   0x08009aa8   0x00000050   Code   RO         6102    i.chassis_motor_diversion  chassis.o
    0x08009af8   0x08009af8   0x000000f4   Code   RO         6553    i.chassis_power_limit  referee_limit.o
    0x08009bec   0x08009bec   0x000000dc   Code   RO         6156    i.chassis_power_torque  chassis_t.o
    0x08009cc8   0x08009cc8   0x0000009c   Code   RO         6103    i.chassis_task      chassis.o
    0x08009d64   0x08009d64   0x0000013c   Code   RO         6104    i.chassis_top       chassis.o
    0x08009ea0   0x08009ea0   0x000000fc   Code   RO         5642    i.cmd_rc_callback_handler  referee.o
    0x08009f9c   0x08009f9c   0x000000c0   Code   RO         6157    i.degree_upstep     chassis_t.o
    0x0800a05c   0x0800a05c   0x00000020   Code   RO         6554    i.die_alive         referee_limit.o
    0x0800a07c   0x0800a07c   0x000000d8   Code   RO         6248    i.disability_gimbal_motor  gimbal.o
    0x0800a154   0x0800a154   0x00000570   Code   RO         5764    i.draw_UI_line_1    ui.o
    0x0800a6c4   0x0800a6c4   0x000002f4   Code   RO         5765    i.draw_UI_line_2    ui.o
    0x0800a9b8   0x0800a9b8   0x000002e0   Code   RO         5766    i.draw_UI_line_3    ui.o
    0x0800ac98   0x0800ac98   0x00000018   Code   RO         6902    i.fabs              m_wm.l(fabs.o)
    0x0800acb0   0x0800acb0   0x00000058   Code   RO         5832    i.first_order_filter_cali  function_lib.o
    0x0800ad08   0x0800ad08   0x00000028   Code   RO         5833    i.first_order_filter_init  function_lib.o
    0x0800ad30   0x0800ad30   0x00000030   Code   RO         6555    i.get_chassis_id_maxpower_level  referee_limit.o
    0x0800ad60   0x0800ad60   0x0000002c   Code   RO         6556    i.get_chassis_power_buffer_t  referee_limit.o
    0x0800ad8c   0x0800ad8c   0x00000072   Code   RO         5437    i.get_moto_measure  bsp_can.o
    0x0800adfe   0x0800adfe   0x00000002   PAD
    0x0800ae00   0x0800ae00   0x00000018   Code   RO         5438    i.get_power_measure  bsp_can.o
    0x0800ae18   0x0800ae18   0x00000190   Code   RO         6249    i.gimbal_Init       gimbal.o
    0x0800afa8   0x0800afa8   0x00000008   Code   RO         6042    i.gimbal_all_task   all_task.o
    0x0800afb0   0x0800afb0   0x000000b4   Code   RO         6250    i.gimbal_key_control  gimbal.o
    0x0800b064   0x0800b064   0x00000058   Code   RO         6251    i.gimbal_task       gimbal.o
    0x0800b0bc   0x0800b0bc   0x00000230   Code   RO         6159    i.gyroscope_remote_resolve  chassis_t.o
    0x0800b2ec   0x0800b2ec   0x0000006c   Code   RO         6557    i.heat_limit_task   referee_limit.o
    0x0800b358   0x0800b358   0x00000010   Code   RO         6043    i.imu_all_task      all_task.o
    0x0800b368   0x0800b368   0x000000ac   Code   RO         6338    i.imu_sensor_init   imu.o
    0x0800b414   0x0800b414   0x00000016   Code   RO         6339    i.imu_sensor_update  imu.o
    0x0800b42a   0x0800b42a   0x00000002   PAD
    0x0800b42c   0x0800b42c   0x00000144   Code   RO         6340    i.imu_task          imu.o
    0x0800b570   0x0800b570   0x0000003c   Code   RO         6341    i.inv_sqrt          imu.o
    0x0800b5ac   0x0800b5ac   0x000005a4   Code   RO         5645    i.judgeCalculate    referee.o
    0x0800bb50   0x0800bb50   0x00000008   Code   RO         6044    i.key_all_task      all_task.o
    0x0800bb58   0x0800bb58   0x0000003e   Code   RO         5835    i.key_repetition_2  function_lib.o
    0x0800bb96   0x0800bb96   0x00000002   PAD
    0x0800bb98   0x0800bb98   0x0000003c   Code   RO         6491    i.key_task          key_task.o
    0x0800bbd4   0x0800bbd4   0x0000002e   Code   RO         5980    i.limit             pid.o
    0x0800bc02   0x0800bc02   0x00000002   PAD
    0x0800bc04   0x0800bc04   0x0000004c   Code   RO         6641    i.locked_rotor_tesk  send.o
    0x0800bc50   0x0800bc50   0x00000098   Code   RO         6642    i.locked_task       send.o
    0x0800bce8   0x0800bce8   0x0000004c   Code   RO           16    i.main              main.o
    0x0800bd34   0x0800bd34   0x0000000e   Code   RO         4927    i.makeFreeRtosPriority  cmsis_os.o
    0x0800bd42   0x0800bd42   0x00000002   PAD
    0x0800bd44   0x0800bd44   0x00000050   Code   RO         6492    i.mode_task         key_task.o
    0x0800bd94   0x0800bd94   0x00000094   Code   RO         5836    i.motor_current_send_gimbal  function_lib.o
    0x0800be28   0x0800be28   0x000002e8   Code   RO         6493    i.normal_1          key_task.o
    0x0800c110   0x0800c110   0x00000018   Code   RO         4929    i.osDelay           cmsis_os.o
    0x0800c128   0x0800c128   0x0000000a   Code   RO         4932    i.osKernelStart     cmsis_os.o
    0x0800c132   0x0800c132   0x0000005e   Code   RO         4966    i.osThreadCreate    cmsis_os.o
    0x0800c190   0x0800c190   0x00000374   Code   RO         6558    i.parameter_number  referee_limit.o
    0x0800c504   0x0800c504   0x00000334   Code   RO         5981    i.pid_calculate     pid.o
    0x0800c838   0x0800c838   0x0000001a   Code   RO         5982    i.pid_change        pid.o
    0x0800c852   0x0800c852   0x00000002   PAD
    0x0800c854   0x0800c854   0x00000060   Code   RO         5983    i.pid_clear         pid.o
    0x0800c8b4   0x0800c8b4   0x000000b4   Code   RO         5984    i.pid_init          pid.o
    0x0800c968   0x0800c968   0x0000004a   Code   RO         5985    i.pid_param_init    pid.o
    0x0800c9b2   0x0800c9b2   0x00000002   PAD
    0x0800c9b4   0x0800c9b4   0x00000024   Code   RO         6643    i.pill_depot_task   send.o
    0x0800c9d8   0x0800c9d8   0x00000030   Code   RO         6494    i.pill_open         key_task.o
    0x0800ca08   0x0800ca08   0x00000098   Code   RO         4446    i.prvAddCurrentTaskToDelayedList  tasks.o
    0x0800caa0   0x0800caa0   0x000000b4   Code   RO         4447    i.prvAddNewTaskToReadyList  tasks.o
    0x0800cb54   0x0800cb54   0x00000074   Code   RO         4771    i.prvCheckForValidListAndQueue  timers.o
    0x0800cbc8   0x0800cbc8   0x00000048   Code   RO         4448    i.prvCheckTasksWaitingTermination  tasks.o
    0x0800cc10   0x0800cc10   0x0000002a   Code   RO         4106    i.prvCopyDataFromQueue  queue.o
    0x0800cc3a   0x0800cc3a   0x0000007e   Code   RO         4107    i.prvCopyDataToQueue  queue.o
    0x0800ccb8   0x0800ccb8   0x00000050   Code   RO         4449    i.prvDeleteTCB      tasks.o
    0x0800cd08   0x0800cd08   0x00000028   Code   RO         4772    i.prvGetNextExpireTime  timers.o
    0x0800cd30   0x0800cd30   0x0000007c   Code   RO         5294    i.prvHeapInit       heap_4.o
    0x0800cdac   0x0800cdac   0x00000028   Code   RO         4450    i.prvIdleTask       tasks.o
    0x0800cdd4   0x0800cdd4   0x00000026   Code   RO         4110    i.prvInitialiseNewQueue  queue.o
    0x0800cdfa   0x0800cdfa   0x000000b4   Code   RO         4451    i.prvInitialiseNewTask  tasks.o
    0x0800ceae   0x0800ceae   0x00000002   PAD
    0x0800ceb0   0x0800ceb0   0x00000068   Code   RO         4452    i.prvInitialiseTaskLists  tasks.o
    0x0800cf18   0x0800cf18   0x00000068   Code   RO         5295    i.prvInsertBlockIntoFreeList  heap_4.o
    0x0800cf80   0x0800cf80   0x00000058   Code   RO         4774    i.prvInsertTimerInActiveList  timers.o
    0x0800cfd8   0x0800cfd8   0x0000001a   Code   RO         4111    i.prvIsQueueEmpty   queue.o
    0x0800cff2   0x0800cff2   0x0000001e   Code   RO         4112    i.prvIsQueueFull    queue.o
    0x0800d010   0x0800d010   0x00000074   Code   RO         4775    i.prvProcessExpiredTimer  timers.o
    0x0800d084   0x0800d084   0x00000138   Code   RO         4776    i.prvProcessReceivedCommands  timers.o
    0x0800d1bc   0x0800d1bc   0x00000074   Code   RO         4777    i.prvProcessTimerOrBlockTask  timers.o
    0x0800d230   0x0800d230   0x00000034   Code   RO         4453    i.prvResetNextTaskUnblockTime  tasks.o
    0x0800d264   0x0800d264   0x0000002c   Code   RO         4778    i.prvSampleTimeNow  timers.o
    0x0800d290   0x0800d290   0x000000a4   Code   RO         4779    i.prvSwitchTimerLists  timers.o
    0x0800d334   0x0800d334   0x00000040   Code   RO         5351    i.prvTaskExitError  port.o
    0x0800d374   0x0800d374   0x0000001a   Code   RO         4780    i.prvTimerTask      timers.o
    0x0800d38e   0x0800d38e   0x0000007e   Code   RO         4113    i.prvUnlockQueue    queue.o
    0x0800d40c   0x0800d40c   0x0000014c   Code   RO         5296    i.pvPortMalloc      heap_4.o
    0x0800d558   0x0800d558   0x0000002c   Code   RO         5352    i.pxPortInitialiseStack  port.o
    0x0800d584   0x0800d584   0x00000008   Code   RO         6045    i.referee_all_task  all_task.o
    0x0800d58c   0x0800d58c   0x000000dc   Code   RO         6644    i.send_Init         send.o
    0x0800d668   0x0800d668   0x0000011c   Code   RO         6729    i.send_data_to_nuc  vision.o
    0x0800d784   0x0800d784   0x000000cc   Code   RO         6645    i.send_mo           send.o
    0x0800d850   0x0800d850   0x000000cc   Code   RO         6646    i.send_rc           send.o
    0x0800d91c   0x0800d91c   0x000000fc   Code   RO         6559    i.send_referee_updata  referee_limit.o
    0x0800da18   0x0800da18   0x0000005c   Code   RO         6647    i.send_task         send.o
    0x0800da74   0x0800da74   0x000002c4   Code   RO         6648    i.shoot_task        send.o
    0x0800dd38   0x0800dd38   0x0000003e   Code   RO         7028    i.sqrtf             m_wm.l(sqrtf.o)
    0x0800dd76   0x0800dd76   0x00000002   PAD
    0x0800dd78   0x0800dd78   0x0000009c   Code   RO         6650    i.stir_task         send.o
    0x0800de14   0x0800de14   0x0000001c   Code   RO         6560    i.super_cap_task    referee_limit.o
    0x0800de30   0x0800de30   0x00000064   Code   RO         6046    i.task_Init         all_task.o
    0x0800de94   0x0800de94   0x00000160   Code   RO         6805    i.temperature_protect  monitor.o
    0x0800dff4   0x0800dff4   0x00000028   Code   RO         4066    i.uxListRemove      list.o
    0x0800e01c   0x0800e01c   0x00000018   Code   RO          333    i.vApplicationGetIdleTaskMemory  freertos.o
    0x0800e034   0x0800e034   0x00000018   Code   RO          334    i.vApplicationGetTimerTaskMemory  freertos.o
    0x0800e04c   0x0800e04c   0x0000001a   Code   RO         4067    i.vListInitialise   list.o
    0x0800e066   0x0800e066   0x00000006   Code   RO         4068    i.vListInitialiseItem  list.o
    0x0800e06c   0x0800e06c   0x00000034   Code   RO         4069    i.vListInsert       list.o
    0x0800e0a0   0x0800e0a0   0x00000018   Code   RO         4070    i.vListInsertEnd    list.o
    0x0800e0b8   0x0800e0b8   0x00000054   Code   RO         5354    i.vPortEnterCritical  port.o
    0x0800e10c   0x0800e10c   0x0000003c   Code   RO         5355    i.vPortExitCritical  port.o
    0x0800e148   0x0800e148   0x000000a4   Code   RO         5297    i.vPortFree         heap_4.o
    0x0800e1ec   0x0800e1ec   0x00000028   Code   RO         5356    i.vPortSetupTimerInterrupt  port.o
    0x0800e214   0x0800e214   0x00000078   Code   RO         5357    i.vPortValidateInterruptPriority  port.o
    0x0800e28c   0x0800e28c   0x0000002c   Code   RO         4117    i.vQueueAddToRegistry  queue.o
    0x0800e2b8   0x0800e2b8   0x0000004a   Code   RO         4120    i.vQueueWaitForMessageRestricted  queue.o
    0x0800e302   0x0800e302   0x00000002   PAD
    0x0800e304   0x0800e304   0x0000005c   Code   RO         4462    i.vTaskDelay        tasks.o
    0x0800e360   0x0800e360   0x00000018   Code   RO         4465    i.vTaskInternalSetTimeOutState  tasks.o
    0x0800e378   0x0800e378   0x0000000c   Code   RO         4466    i.vTaskMissedYield  tasks.o
    0x0800e384   0x0800e384   0x00000038   Code   RO         4468    i.vTaskPlaceOnEventList  tasks.o
    0x0800e3bc   0x0800e3bc   0x00000040   Code   RO         4469    i.vTaskPlaceOnEventListRestricted  tasks.o
    0x0800e3fc   0x0800e3fc   0x000000b8   Code   RO         4476    i.vTaskStartScheduler  tasks.o
    0x0800e4b4   0x0800e4b4   0x00000010   Code   RO         4478    i.vTaskSuspendAll   tasks.o
    0x0800e4c4   0x0800e4c4   0x0000008c   Code   RO         4479    i.vTaskSwitchContext  tasks.o
    0x0800e550   0x0800e550   0x000000d8   Code   RO         6730    i.vision_Init       vision.o
    0x0800e628   0x0800e628   0x00000208   Code   RO         6732    i.vision_data_manage  vision.o
    0x0800e830   0x0800e830   0x00000010   Code   RO         6733    i.vision_task       vision.o
    0x0800e840   0x0800e840   0x00000168   Code   RO         5358    i.xPortStartScheduler  port.o
    0x0800e9a8   0x0800e9a8   0x000000e0   Code   RO         4124    i.xQueueGenericCreateStatic  queue.o
    0x0800ea88   0x0800ea88   0x00000098   Code   RO         4125    i.xQueueGenericReset  queue.o
    0x0800eb20   0x0800eb20   0x000001a8   Code   RO         4126    i.xQueueGenericSend  queue.o
    0x0800ecc8   0x0800ecc8   0x000000fc   Code   RO         4127    i.xQueueGenericSendFromISR  queue.o
    0x0800edc4   0x0800edc4   0x00000168   Code   RO         4133    i.xQueueReceive     queue.o
    0x0800ef2c   0x0800ef2c   0x0000008c   Code   RO         4481    i.xTaskCheckForTimeOut  tasks.o
    0x0800efb8   0x0800efb8   0x00000064   Code   RO         4482    i.xTaskCreate       tasks.o
    0x0800f01c   0x0800f01c   0x000000ba   Code   RO         4483    i.xTaskCreateStatic  tasks.o
    0x0800f0d6   0x0800f0d6   0x00000002   PAD
    0x0800f0d8   0x0800f0d8   0x00000020   Code   RO         4487    i.xTaskGetSchedulerState  tasks.o
    0x0800f0f8   0x0800f0f8   0x0000000c   Code   RO         4488    i.xTaskGetTickCount  tasks.o
    0x0800f104   0x0800f104   0x00000148   Code   RO         4490    i.xTaskIncrementTick  tasks.o
    0x0800f24c   0x0800f24c   0x000000c8   Code   RO         4493    i.xTaskPriorityDisinherit  tasks.o
    0x0800f314   0x0800f314   0x00000098   Code   RO         4495    i.xTaskRemoveFromEventList  tasks.o
    0x0800f3ac   0x0800f3ac   0x00000104   Code   RO         4496    i.xTaskResumeAll    tasks.o
    0x0800f4b0   0x0800f4b0   0x00000078   Code   RO         4787    i.xTimerCreateTimerTask  timers.o
    0x0800f528   0x0800f528   0x00000084   Code   RO         4788    i.xTimerGenericCommand  timers.o
    0x0800f5ac   0x0800f5ac   0x00000068   Code   RO         6252    i.yaw_turn_round    gimbal.o
    0x0800f614   0x0800f614   0x00000070   Data   RO          336    .constdata          freertos.o
    0x0800f684   0x0800f684   0x00000008   Data   RO         1592    .constdata          stm32f4xx_hal_dma.o
    0x0800f68c   0x0800f68c   0x00000018   Data   RO         3930    .constdata          system_stm32f4xx.o
    0x0800f6a4   0x0800f6a4   0x00000302   Data   RO         5647    .constdata          referee.o
    0x0800f9a6   0x0800f9a6   0x00000002   PAD
    0x0800f9a8   0x0800f9a8   0x00000018   Data   RO         6343    .constdata          imu.o
    0x0800f9c0   0x0800f9c0   0x00000098   Data   RO         6853    .constdata          m_wm.l(atan.o)
    0x0800fa58   0x0800fa58   0x00000030   Data   RO         6978    .constdata          m_wm.l(cos_i.o)
    0x0800fa88   0x0800fa88   0x00000008   Data   RO         7014    .constdata          m_wm.l(qnan.o)
    0x0800fa90   0x0800fa90   0x000000c8   Data   RO         7017    .constdata          m_wm.l(rred.o)
    0x0800fb58   0x0800fb58   0x00000028   Data   RO         7021    .constdata          m_wm.l(sin_i.o)
    0x0800fb80   0x0800fb80   0x00000030   Data   RO          337    .conststring        freertos.o
    0x0800fbb0   0x0800fbb0   0x00000020   Data   RO         7082    Region$$Table       anon$$obj.o


    Execution Region RW_IRAM1 (Exec base: 0x20000000, Load base: 0x0800fbd0, Size: 0x00006aa0, Max: 0x00020000, ABSOLUTE, COMPRESSED[0x00000030])

    Exec Addr    Load Addr    Size         Type   Attr      Idx    E Section Name        Object

    0x20000000   COMPRESSED   0x00000018   Data   RW          338    .data               freertos.o
    0x20000018   COMPRESSED   0x00000004   Data   RW          407    .data               can.o
    0x2000001c   COMPRESSED   0x00000009   Data   RW         2024    .data               stm32f4xx_hal.o
    0x20000025   COMPRESSED   0x00000003   PAD
    0x20000028   COMPRESSED   0x00000004   Data   RW         3931    .data               system_stm32f4xx.o
    0x2000002c   COMPRESSED   0x0000003c   Data   RW         4499    .data               tasks.o
    0x20000068   COMPRESSED   0x00000014   Data   RW         4794    .data               timers.o
    0x2000007c   COMPRESSED   0x00000020   Data   RW         5303    .data               heap_4.o
    0x2000009c   COMPRESSED   0x0000000c   Data   RW         5359    .data               port.o
    0x200000a8   COMPRESSED   0x00000018   Data   RW         5440    .data               bsp_can.o
    0x200000c0   COMPRESSED   0x00000012   Data   RW         5648    .data               referee.o
    0x200000d2   COMPRESSED   0x00000002   PAD
    0x200000d4   COMPRESSED   0x0000000e   Data   RW         5769    .data               ui.o
    0x200000e2   COMPRESSED   0x00000004   Data   RW         5841    .data               function_lib.o
    0x200000e6   COMPRESSED   0x00000002   PAD
    0x200000e8   COMPRESSED   0x0000008a   Data   RW         6344    .data               imu.o
    0x20000172   COMPRESSED   0x00000002   PAD
    0x20000174   COMPRESSED   0x00000011   Data   RW         6496    .data               key_task.o
    0x20000185   COMPRESSED   0x00000003   PAD
    0x20000188   COMPRESSED   0x00000042   Data   RW         6562    .data               referee_limit.o
    0x200001ca   COMPRESSED   0x00000002   PAD
    0x200001cc   COMPRESSED   0x00000026   Data   RW         6735    .data               vision.o
    0x200001f2   COMPRESSED   0x00000002   PAD
    0x200001f4   COMPRESSED   0x00000004   Data   RW         7067    .data               mc_w.l(errno.o)
    0x200001f8        -       0x000006a8   Zero   RW          335    .bss                freertos.o
    0x200008a0        -       0x00000050   Zero   RW          406    .bss                can.o
    0x200008f0        -       0x00000058   Zero   RW          478    .bss                spi.o
    0x20000948        -       0x00000120   Zero   RW          524    .bss                tim.o
    0x20000a68        -       0x0000030c   Zero   RW          588    .bss                usart.o
    0x20000d74        -       0x00000048   Zero   RW          803    .bss                stm32f4xx_hal_timebase_tim.o
    0x20000dbc        -       0x00000040   Zero   RW         4136    .bss                queue.o
    0x20000dfc        -       0x000000f0   Zero   RW         4498    .bss                tasks.o
    0x20000eec        -       0x000000e8   Zero   RW         4793    .bss                timers.o
    0x20000fd4        -       0x00003c00   Zero   RW         5302    .bss                heap_4.o
    0x20004bd4        -       0x00000178   Zero   RW         5439    .bss                bsp_can.o
    0x20004d4c        -       0x00000064   Zero   RW         5586    .bss                bsp_usart.o
    0x20004db0        -       0x000003fa   Zero   RW         5646    .bss                referee.o
    0x200051aa        -       0x0000001a   Zero   RW         5733    .bss                remote_control.o
    0x200051c4        -       0x000001c9   Zero   RW         5768    .bss                ui.o
    0x2000538d   COMPRESSED   0x00000003   PAD
    0x20005390        -       0x0000053c   Zero   RW         5840    .bss                function_lib.o
    0x200058cc        -       0x000002d0   Zero   RW         5950    .bss                kalman.o
    0x20005b9c        -       0x00000840   Zero   RW         5986    .bss                pid.o
    0x200063dc        -       0x00000054   Zero   RW         6160    .bss                chassis_t.o
    0x20006430        -       0x00000078   Zero   RW         6253    .bss                gimbal.o
    0x200064a8        -       0x00000054   Zero   RW         6342    .bss                imu.o
    0x200064fc        -       0x00000028   Zero   RW         6495    .bss                key_task.o
    0x20006524        -       0x00000038   Zero   RW         6651    .bss                send.o
    0x2000655c        -       0x00000088   Zero   RW         6734    .bss                vision.o
    0x200065e4        -       0x000000b8   Zero   RW         6806    .bss                monitor.o
    0x2000669c   COMPRESSED   0x00000004   PAD
    0x200066a0        -       0x00000400   Zero   RW            1    STACK               startup_stm32f407xx.o


==============================================================================

Image component sizes


      Code (inc. data)   RO Data    RW Data    ZI Data      Debug   Object Name

       244         50          0          0          0       3358   all_task.o
      1286        152          0         24        376      15311   bsp_can.o
       580         20          0          0        100       2834   bsp_usart.o
       496         44          0          4         80       2418   can.o
       880        120          0          0          0       2759   chassis.o
      2708        246          0          0         84       7483   chassis_t.o
       142          0          0          0          0      22939   cmsis_os.o
       168          6          0          0          0        830   dma.o
         0          0          0          0          0      19936   event_groups.o
       242         44        160         24       1704       4986   freertos.o
      1058         68          0          4       1340       8110   function_lib.o
      2224        264          0          0        120       5685   gimbal.o
       464         22          0          0          0       1219   gpio.o
       724         74          0         32      15360       4831   heap_4.o
      4138        452         24        138         84      15765   imu.o
       198          6          0          0        720       2699   kalman.o
      1272        100          0         17         40       4740   key_task.o
       148          0          0          0          0       3534   list.o
       280         10          0          0          0     742108   main.o
      2376         60          0          0        184       4117   monitor.o
      1242         26          0          0       2112       7905   pid.o
      1014         92          0         12          0      11957   port.o
      1918         20          0          0         64      17248   queue.o
      2070         82        770         18       1018      14366   referee.o
      1668        166          0         66          0       6828   referee_limit.o
       220          6          0          0         26       2447   remote_control.o
      1848        218          0          0         56       5864   send.o
       268         26          0          0         88       1721   spi.o
        36          8        392          0       1024        828   startup_stm32f407xx.o
       136         24          0          9          0       8674   stm32f4xx_hal.o
      2134          6          0          0          0      14183   stm32f4xx_hal_can.o
       320         30          0          0          0      34277   stm32f4xx_hal_cortex.o
      1538         16          8          0          0       7854   stm32f4xx_hal_dma.o
       512         46          0          0          0       2092   stm32f4xx_hal_gpio.o
        84          6          0          0          0        846   stm32f4xx_hal_msp.o
      1888         94          0          0          0       6217   stm32f4xx_hal_rcc.o
      1078         14          0          0          0       4633   stm32f4xx_hal_spi.o
      2392        142          0          0          0      16268   stm32f4xx_hal_tim.o
       300         30          0          0          0       3289   stm32f4xx_hal_tim_ex.o
       180         18          0          0         72       1451   stm32f4xx_hal_timebase_tim.o
      3550         38          0          0          0      20675   stm32f4xx_hal_uart.o
       238         80          0          0          0       9234   stm32f4xx_it.o
         0          0          0          0          0        396   stream_buffer.o
        20          6         24          4          0       1111   system_stm32f4xx.o
      2858        348          0         60        240      27210   tasks.o
      1212         94          0          0        288       4885   tim.o
      1274        124          0         20        232      30551   timers.o
      3484        116          0         14        457       5087   ui.o
      1084         98          0          0        780       3654   usart.o
      1320        186          0         38        136       5269   vision.o

    ----------------------------------------------------------------------
     55564       3898       1412        500      26792    1152682   Object Totals
         0          0         32          0          0          0   (incl. Generated)
        50          0          2         16          7          0   (incl. Padding)

    ----------------------------------------------------------------------

      Code (inc. data)   RO Data    RW Data    ZI Data      Debug   Library Member Name

       300         42          0          0          0        176   asinf.o
       744        106        152          0          0        352   atan.o
       496         64          0          0          0        192   atan2.o
       592         90          0          0          0        184   atan2f.o
       200         20          0          0          0        164   cos.o
       368         46         48          0          0        200   cos_i.o
       104         16          0          0          0        496   dunder.o
        44          0          0          0          0        248   fabs.o
        48          0          0          0          0        124   fpclassify.o
        38          0          0          0          0        116   fpclassifyf.o
        44         12          0          0          0        464   funder.o
       248          0          0          0          0        152   poly.o
         0          0          8          0          0          0   qnan.o
      1080        142        200          0          0        188   rred.o
       200         20          0          0          0        164   sin.o
       304         24         40          0          0        208   sin_i.o
       122          0          0          0          0        148   sqrt.o
        62          0          0          0          0        136   sqrtf.o
        58          0          0          0          0          0   __dczerorl.o
         0          0          0          0          0          0   entry.o
         0          0          0          0          0          0   entry10a.o
         0          0          0          0          0          0   entry11a.o
         8          4          0          0          0          0   entry2.o
         4          0          0          0          0          0   entry5.o
         0          0          0          0          0          0   entry7b.o
         0          0          0          0          0          0   entry8b.o
         8          4          0          0          0          0   entry9a.o
        12          6          0          4          0         68   errno.o
        30          0          0          0          0          0   handlers.o
        36          8          0          0          0         68   init.o
         0          0          0          0          0          0   iusefp.o
        30          0          0          0          0         68   llshl.o
        36          0          0          0          0         68   llsshr.o
        32          0          0          0          0         68   llushr.o
        36          0          0          0          0         68   memcpya.o
        36          0          0          0          0        108   memseta.o
        98          0          0          0          0         92   uldiv.o
        48          0          0          0          0         68   cdcmple.o
        48          0          0          0          0         68   cdrcmple.o
        56          0          0          0          0         88   d2f.o
       334          0          0          0          0        148   dadd.o
       222          0          0          0          0        100   ddiv.o
       186          0          0          0          0        176   depilogue.o
        62          0          0          0          0         80   dfixi.o
        50          0          0          0          0         76   dfixui.o
        34          0          0          0          0         76   dflti.o
        26          0          0          0          0         76   dfltui.o
       228          0          0          0          0         96   dmul.o
       162          0          0          0          0        100   dsqrt.o
        38          0          0          0          0         68   f2d.o
       110          0          0          0          0        168   fepilogue.o

    ----------------------------------------------------------------------
      7040        604        448          4          0       5708   Library Totals
        18          0          0          0          0          0   (incl. Padding)

    ----------------------------------------------------------------------

      Code (inc. data)   RO Data    RW Data    ZI Data      Debug   Library Name

      4994        582        448          0          0       3712   m_wm.l
       424         22          0          4          0        608   mc_w.l
      1604          0          0          0          0       1388   mf_w.l

    ----------------------------------------------------------------------
      7040        604        448          4          0       5708   Library Totals

    ----------------------------------------------------------------------

==============================================================================


      Code (inc. data)   RO Data    RW Data    ZI Data      Debug   

     62604       4502       1860        504      26792    1121486   Grand Totals
     62604       4502       1860         48      26792    1121486   ELF Image Totals (compressed)
     62604       4502       1860         48          0          0   ROM Totals

==============================================================================

    Total RO  Size (Code + RO Data)                64464 (  62.95kB)
    Total RW  Size (RW Data + ZI Data)             27296 (  26.66kB)
    Total ROM Size (Code + RO Data + RW Data)      64512 (  63.00kB)

==============================================================================

